// Jest Snapshot v1, https://goo.gl/fbAQLP

exports[`Header Unit Tests when normally set up renders correctly 1`] = `
<Menu
  className="false"
  color="blue"
  data-role="header"
  fixed="top"
  inverted={true}
>
  <Container>
    <MenuItem
      name="currentTime"
      position="right"
    >
      00:00
    </MenuItem>
    <MenuMenu
      position="right"
    >
      <Button
        as="button"
        color="blue"
        onClick={[Function]}
        role="button"
      >
        AN
      </Button>
    </MenuMenu>
  </Container>
</Menu>
`;
