// Jest Snapshot v1, https://goo.gl/fbAQLP

exports[`SubHeader Unit Tests when normally set up renders correctly 1`] = `
<Menu
  className="undefined"
  data-role="subheader"
  id="subheader"
>
  <MenuItem
    name="icons"
  >
    <Connect(Select)
      className="width-80 bg-red"
      onChangeEvent={[Function]}
      options={Immutable.Map {}}
      value=""
    />
  </MenuItem>
  <MenuItem
    name="ankisCount"
  >
    <div
      className="width-60 height-lineheight-30 text-center bg-green"
      role="menuitem"
      tabIndex="-1"
    >
      0
      /
      0
    </div>
  </MenuItem>
  <MenuMenu
    fitted="vertically"
    position="right"
  >
    <MenuItem
      name="iconButtons"
    >
      <ButtonGroup>
        <Button
          as="button"
          icon={true}
          role="button"
        >
          <Icon
            as="i"
            color="black"
            name="graduation cap"
            onClick={[Function]}
          />
        </Button>
        <Button
          as="button"
          icon={true}
          role="button"
        >
          <Icon
            as="i"
            color="black"
            name="list"
            onClick={[Function]}
          />
        </Button>
        <Button
          as="button"
          icon={true}
          role="button"
        >
          <Icon
            as="i"
            color="blue"
            name="sticky note outline"
            onClick={[Function]}
          />
        </Button>
        <Button
          as="button"
          icon={true}
          role="button"
        >
          <Icon
            as="i"
            color="black"
            name="cog"
            onClick={[Function]}
          />
        </Button>
      </ButtonGroup>
    </MenuItem>
    <MenuItem>
      <span
        className="false"
        onClick={[Function]}
        role="button"
        tabIndex="-1"
      >
        0 Tasks
      </span>
    </MenuItem>
  </MenuMenu>
</Menu>
`;
