// Jest Snapshot v1, https://goo.gl/fbAQLP

exports[`SubHeader Unit Tests when normally set up renders correctly 1`] = `
<Menu
  className="undefined"
  data-role="subheader"
  id="subheader"
>
  <MenuItem
    name="selectAnkiTagId"
  >
    <Connect(Select)
      className="width-80 bg-red"
      onChangeEvent={[Function]}
      options={Immutable.Map {}}
      value=""
    />
  </MenuItem>
  <MenuItem
    name="ankisCount"
  >
    <div
      className="width-60 height-lineheight-30 text-center bg-green"
      role="menuitem"
      tabIndex="-1"
    >
      0
      /
      0
    </div>
  </MenuItem>
  <MenuMenu
    fitted="vertically"
    position="right"
  >
    <MenuItem
      name="isAnkiModalOn"
    >
      <Icon
        as="i"
        color="black"
        name="graduation cap"
        onClick={[Function]}
      />
    </MenuItem>
    <MenuItem
      name="isAnkiOn"
    >
      <Icon
        as="i"
        color="black"
        name="list"
        onClick={[Function]}
      />
    </MenuItem>
    <MenuItem
      name="isNotesOn"
    >
      <Icon
        as="i"
        color="blue"
        name="sticky note outline"
        onClick={[Function]}
      />
    </MenuItem>
    <MenuItem
      name="isSettingOn"
    >
      <Icon
        as="i"
        color="black"
        name="cog"
        onClick={[Function]}
      />
    </MenuItem>
    <MenuItem>
      <span
        className="false"
        onClick={[Function]}
        role="button"
        tabIndex="-1"
      >
        0 Tasks
      </span>
    </MenuItem>
  </MenuMenu>
</Menu>
`;
