// Jest Snapshot v1, https://goo.gl/fbAQLP

exports[`MonthlyTasksRow Unit Tests when normally set up renders correctly 1`] = `
<Fragment>
  <div
    className="bg-orange flex-container-row typical-setup border-bottom"
    data-role="monthlytasks-row"
    style={
      Object {
        "borderLeft": "5px solid white",
      }
    }
  >
    <Connect(InputUncontrolled)
      actions={Object {}}
      inputClassNames="flex-3"
      inputName="content"
      record={Immutable.Map {}}
    />
    <i
      className="fa fa-fw fa-close width-15"
      onClick={[Function]}
      role="button"
      tabIndex="-1"
    />
    <i
      className="fa fa-fw fa-check width-15"
      onClick={[Function]}
      role="button"
      tabIndex="-1"
    />
    <i
      className="fa fa-fw fa-gift width-15"
      onClick={[Function]}
      role="button"
      tabIndex="-1"
    />
  </div>
</Fragment>
`;
