// Jest Snapshot v1, https://goo.gl/fbAQLP

exports[`DailyCalorieDetails Unit Tests when normally set up renders correctly 1`] = `
<Fragment>
  <div
    className="flex-container-row typical-setup border-bottom-white-10"
  >
    <Connect(Select)
      className="width-80"
      onChangeEvent={[Function]}
      options={
        Array [
          "breakfast",
          "lunch",
          "dinner",
          "snack",
        ]
      }
      value=""
    />
    <input
      className="flex-2"
      onChange={[Function]}
      type="text"
      value=""
    />
    <input
      className="width-40"
      onChange={[Function]}
      onKeyDown={[Function]}
      type="number"
      value={0}
    />
  </div>
</Fragment>
`;
