// Jest Snapshot v1, https://goo.gl/fbAQLP

exports[`DailySleepDetails Unit Tests when normally set up renders correctly 1`] = `
<Fragment>
  <span
    className="flex-container-row typical-setup"
    key="wake"
  >
    <span
      className="flex-1"
    >
      wake
    </span>
    <Connect(InputUncontrolled)
      actions={Object {}}
      inputClassNames="flex-1"
      inputName="hour"
      key="hour"
      pathName={
        Array [
          "sleep",
          "wake",
          "hour",
        ]
      }
      record={Immutable.Map {}}
    />
    <Connect(InputUncontrolled)
      actions={Object {}}
      inputClassNames="flex-1"
      inputName="minute"
      key="minute"
      pathName={
        Array [
          "sleep",
          "wake",
          "minute",
        ]
      }
      record={Immutable.Map {}}
    />
  </span>
  <span
    className="flex-container-row typical-setup"
    key="rest"
  >
    <span
      className="flex-1"
    >
      rest
    </span>
    <Connect(InputUncontrolled)
      actions={Object {}}
      inputClassNames="flex-1"
      inputName="hour"
      key="hour"
      pathName={
        Array [
          "sleep",
          "rest",
          "hour",
        ]
      }
      record={Immutable.Map {}}
    />
    <Connect(InputUncontrolled)
      actions={Object {}}
      inputClassNames="flex-1"
      inputName="minute"
      key="minute"
      pathName={
        Array [
          "sleep",
          "rest",
          "minute",
        ]
      }
      record={Immutable.Map {}}
    />
  </span>
</Fragment>
`;
