// Jest Snapshot v1, https://goo.gl/fbAQLP

exports[`AnkiTagsPage Unit Tests when normally set up renders correctly 1`] = `
<div
  className="flex-horizontal-center "
>
  <div
    className="flex-1 border-right-black"
  >
    <span>
      Tags
    </span>
    <hr />
    <hr />
    <input
      className="border-green margin-top-10"
      onKeyDown={[Function]}
      placeholder="new anki"
      type="text"
    />
  </div>
  <div
    className="flex-6"
    style={
      Object {
        "overflow": "auto",
      }
    }
  >
    <div
      className="flex-horizontal-center border-bottom-black-30 height-30"
    >
      <div
        className="flex-1"
      >
        <select
          className="form-control"
          onChange={[Function]}
        >
          <option
            value=""
          >
            Select Notebook
          </option>
        </select>
      </div>
      <div
        className="flex-1"
      />
      <div
        className="flex-6"
      />
    </div>
  </div>
</div>
`;
