// Jest Snapshot v1, https://goo.gl/fbAQLP

exports[`ProjectSelect Unit Tests when normally set up renders correctly 1`] = `
<select
  className=""
  name="project"
  onChange={[Function]}
  style={
    Object {
      "borderLeft": "5px solid transparent",
    }
  }
  type="text"
  value=""
>
  <option
    value=""
  />
</select>
`;
