// Jest Snapshot v1, https://goo.gl/fbAQLP

exports[`IntelNotePage Unit Tests  renders correctly 1`] = `
<Card
  className="undefined"
  data-role="modal-anki"
  fluid={true}
  style={
    Object {
      "minHeight": 300,
    }
  }
>
  <Container>
    <Grid>
      <GridColumn
        floated="left"
        width={5}
      />
      <GridColumn
        floated="right"
        textAlign="right"
        width={5}
      />
    </Grid>
  </Container>
  <Header
    as="h3"
    textAlign="center"
  />
  <Divider />
  <Container
    textAlign="center"
  >
    <Button
      as="button"
      onClick={[Function]}
      primary={true}
      role="button"
    >
      SHOW ANSWER
    </Button>
  </Container>
</Card>
`;
