// Jest Snapshot v1, https://goo.gl/fbAQLP

exports[`AnkiList Unit Tests  renders correctly 1`] = `
<div
  className="anki-list padding-horizontal-5 border-left-black"
  data-role="anki-list"
  style={
    Object {
      "overflow": "auto",
    }
  }
>
  <Form
    as="form"
  >
    <FormGroup>
      <TextArea
        as="textarea"
        name="question"
        placeholder=""
        rows="2"
        type="text"
      />
    </FormGroup>
    <FormGroup>
      <TextArea
        as="textarea"
        name="answer"
        onKeyDown={[Function]}
        placeholder=""
        rows="4"
        type="text"
      />
    </FormGroup>
  </Form>
  <SegmentGroup />
</div>
`;
