// Jest Snapshot v1, https://goo.gl/fbAQLP

exports[`AnkiList Unit Tests  renders correctly 1`] = `
<Segment
  className="anki-list padding-horizontal-5 border-left-black"
  data-role="anki-list"
>
  <Form
    as="form"
  >
    <FormGroup>
      <TextArea
        as="textarea"
        name="question"
        placeholder=""
        rows="2"
        type="text"
      />
    </FormGroup>
    <FormGroup>
      <TextArea
        as="textarea"
        name="answer"
        onKeyDown={[Function]}
        placeholder=""
        rows="4"
        type="text"
      />
    </FormGroup>
  </Form>
  <Grid
    divided="vertically"
    style={
      Object {
        "maxHeight": "calc(100vh - 300px)",
        "overflow": "auto",
      }
    }
  />
</Segment>
`;
