// Jest Snapshot v1, https://goo.gl/fbAQLP

exports[`AnkiRow Unit Tests  renders correctly 1`] = `
<GridRow
  data-role="anki-row"
  style={
    Object {
      "minHeight": 30,
      "padding": 0,
    }
  }
>
  <div
    style={
      Object {
        "width": 30,
      }
    }
  >
    undefined/undefined - 
  </div>
  <GridColumn
    textAlign="left"
    width={6}
  />
  <GridColumn
    textAlign="center"
    width={3}
  >
    <span
      style={
        Object {
          "width": 20,
        }
      }
    >
      0
    </span>
    <Icon
      as="i"
      name="close"
      onClick={[Function]}
    />
    <Icon
      as="i"
      name="edit"
      onClick={[Function]}
    />
  </GridColumn>
</GridRow>
`;
