// Jest Snapshot v1, https://goo.gl/fbAQLP

exports[`AnkiRow Unit Tests  renders correctly 1`] = `
<GridRow
  style={
    Object {
      "minHeight": 30,
      "padding": 0,
    }
  }
>
  <div
    style={
      Object {
        "width": 30,
      }
    }
  >
    undefined/undefined - 
  </div>
  <GridColumn />
  <div
    style={
      Object {
        "width": 20,
      }
    }
  >
    0
  </div>
  <Icon
    as="i"
    name="close"
    onClick={[Function]}
  />
  <Icon
    as="i"
    name="edit"
    onClick={[Function]}
  />
</GridRow>
`;
