// Jest Snapshot v1, https://goo.gl/fbAQLP

exports[`NotebookRow Unit Tests  renders correctly 1`] = `
<div
  className="flex-container-row typical-setup false"
  data-role="notebook-row"
  draggable="true"
  onClick={[Function]}
  onDragOver={[Function]}
  onDragStart={[Function]}
  onDrop={[Function]}
  role="menuitem"
  tabIndex="-1"
>
  <span
    className="flex-3"
    data-test="notebook-title"
  />
  <i
    className="fa fa-fw fa-close font-14"
    onClick={[Function]}
    role="menuitem"
    tabIndex="-1"
  />
  <i
    className="fa fa-fw fa-edit font-14"
    onClick={[Function]}
    role="menuitem"
    tabIndex="-1"
  />
  <div
    className="width-15 bg-white-20 text-center"
  >
    0
  </div>
</div>
`;