// Jest Snapshot v1, https://goo.gl/fbAQLP

exports[`MainHourBlock Unit Tests when normally set up renders correctly 1`] = `
<main
  className="undefined false"
  data-role="main-hourblock"
  id="hourblock"
>
  <Connect(Footer) />
  <LeftAside />
  <Switch>
    <Route
      component={[Function]}
      exact={true}
      path="/"
    />
    <Route
      component={[Function]}
      path="/planning"
    />
    <Route
      component={[Function]}
      path="/tasks"
    />
    <Route
      component={[Function]}
      path="/settings"
    />
    <Redirect
      from="/*"
      push={false}
      to="/"
    />
  </Switch>
</main>
`;
