// Jest Snapshot v1, https://goo.gl/fbAQLP

exports[`HourBlockList Unit Tests when normally set up renders correctly 1`] = `
<div
  className="section-content"
  data-role="hourblock-list"
  id="hourblockList"
>
  <div
    className="flex-container-row typical-setup height-30 border-top-white-70 margin-top-30}"
    key="0"
  >
    <div
      className="flex-3 flex-container-row border-bright-green"
    >
      <Connect(HourBlockRowPlanned)
        allProjectTasksOrdered={Immutable.Map {}}
        currentSectionOfDay={0}
        isToday={false}
        isUpdatingPlannedPomo={false}
        onChangePlannedPomo={[Function]}
        plannedPomo={Immutable.Map {}}
        recordPomo={Immutable.Map {}}
        sectionName="00:00"
        sectionOfDay={0}
      />
    </div>
    <div
      className="width-60 flex-container-row bg-bright-green"
    >
      <Connect(HourBlockRowRecord)
        addEventToRecord={[Function]}
        addPomoRecord={[Function]}
        allProjectTasksOrdered={Immutable.Map {}}
        deleteEvent={[Function]}
        isUpdatingPlannedPomo={false}
        plannedPomo={Immutable.Map {}}
        recordPomo={Immutable.Map {}}
        sectionOfDay={0}
      />
    </div>
  </div>
  <div
    className="flex-container-row typical-setup height-30 border-top-white-20}"
    key="1"
  >
    <div
      className="flex-3 flex-container-row false"
    >
      <Connect(HourBlockRowPlanned)
        allProjectTasksOrdered={Immutable.Map {}}
        currentSectionOfDay={0}
        isToday={false}
        isUpdatingPlannedPomo={false}
        onChangePlannedPomo={[Function]}
        plannedPomo={Immutable.Map {}}
        recordPomo={Immutable.Map {}}
        sectionName="00:30"
        sectionOfDay={1}
      />
    </div>
    <div
      className="width-60 flex-container-row false"
    >
      <Connect(HourBlockRowRecord)
        addEventToRecord={[Function]}
        addPomoRecord={[Function]}
        allProjectTasksOrdered={Immutable.Map {}}
        deleteEvent={[Function]}
        isUpdatingPlannedPomo={false}
        plannedPomo={Immutable.Map {}}
        recordPomo={Immutable.Map {}}
        sectionOfDay={1}
      />
    </div>
  </div>
  <div
    className="flex-container-row typical-setup height-30 border-top-white-20}"
    key="2"
  >
    <div
      className="flex-3 flex-container-row false"
    >
      <Connect(HourBlockRowPlanned)
        allProjectTasksOrdered={Immutable.Map {}}
        currentSectionOfDay={0}
        isToday={false}
        isUpdatingPlannedPomo={false}
        onChangePlannedPomo={[Function]}
        plannedPomo={Immutable.Map {}}
        recordPomo={Immutable.Map {}}
        sectionName="01:00"
        sectionOfDay={2}
      />
    </div>
    <div
      className="width-60 flex-container-row false"
    >
      <Connect(HourBlockRowRecord)
        addEventToRecord={[Function]}
        addPomoRecord={[Function]}
        allProjectTasksOrdered={Immutable.Map {}}
        deleteEvent={[Function]}
        isUpdatingPlannedPomo={false}
        plannedPomo={Immutable.Map {}}
        recordPomo={Immutable.Map {}}
        sectionOfDay={2}
      />
    </div>
  </div>
  <div
    className="flex-container-row typical-setup height-30 border-top-white-20}"
    key="3"
  >
    <div
      className="flex-3 flex-container-row false"
    >
      <Connect(HourBlockRowPlanned)
        allProjectTasksOrdered={Immutable.Map {}}
        currentSectionOfDay={0}
        isToday={false}
        isUpdatingPlannedPomo={false}
        onChangePlannedPomo={[Function]}
        plannedPomo={Immutable.Map {}}
        recordPomo={Immutable.Map {}}
        sectionName="01:30"
        sectionOfDay={3}
      />
    </div>
    <div
      className="width-60 flex-container-row false"
    >
      <Connect(HourBlockRowRecord)
        addEventToRecord={[Function]}
        addPomoRecord={[Function]}
        allProjectTasksOrdered={Immutable.Map {}}
        deleteEvent={[Function]}
        isUpdatingPlannedPomo={false}
        plannedPomo={Immutable.Map {}}
        recordPomo={Immutable.Map {}}
        sectionOfDay={3}
      />
    </div>
  </div>
  <div
    className="flex-container-row typical-setup height-30 border-top-white-70 margin-top-30}"
    key="4"
  >
    <div
      className="flex-3 flex-container-row false"
    >
      <Connect(HourBlockRowPlanned)
        allProjectTasksOrdered={Immutable.Map {}}
        currentSectionOfDay={0}
        isToday={false}
        isUpdatingPlannedPomo={false}
        onChangePlannedPomo={[Function]}
        plannedPomo={Immutable.Map {}}
        recordPomo={Immutable.Map {}}
        sectionName="02:00"
        sectionOfDay={4}
      />
    </div>
    <div
      className="width-60 flex-container-row false"
    >
      <Connect(HourBlockRowRecord)
        addEventToRecord={[Function]}
        addPomoRecord={[Function]}
        allProjectTasksOrdered={Immutable.Map {}}
        deleteEvent={[Function]}
        isUpdatingPlannedPomo={false}
        plannedPomo={Immutable.Map {}}
        recordPomo={Immutable.Map {}}
        sectionOfDay={4}
      />
    </div>
  </div>
  <div
    className="flex-container-row typical-setup height-30 border-top-white-20}"
    key="5"
  >
    <div
      className="flex-3 flex-container-row false"
    >
      <Connect(HourBlockRowPlanned)
        allProjectTasksOrdered={Immutable.Map {}}
        currentSectionOfDay={0}
        isToday={false}
        isUpdatingPlannedPomo={false}
        onChangePlannedPomo={[Function]}
        plannedPomo={Immutable.Map {}}
        recordPomo={Immutable.Map {}}
        sectionName="02:30"
        sectionOfDay={5}
      />
    </div>
    <div
      className="width-60 flex-container-row false"
    >
      <Connect(HourBlockRowRecord)
        addEventToRecord={[Function]}
        addPomoRecord={[Function]}
        allProjectTasksOrdered={Immutable.Map {}}
        deleteEvent={[Function]}
        isUpdatingPlannedPomo={false}
        plannedPomo={Immutable.Map {}}
        recordPomo={Immutable.Map {}}
        sectionOfDay={5}
      />
    </div>
  </div>
  <div
    className="flex-container-row typical-setup height-30 border-top-white-20}"
    key="6"
  >
    <div
      className="flex-3 flex-container-row false"
    >
      <Connect(HourBlockRowPlanned)
        allProjectTasksOrdered={Immutable.Map {}}
        currentSectionOfDay={0}
        isToday={false}
        isUpdatingPlannedPomo={false}
        onChangePlannedPomo={[Function]}
        plannedPomo={Immutable.Map {}}
        recordPomo={Immutable.Map {}}
        sectionName="03:00"
        sectionOfDay={6}
      />
    </div>
    <div
      className="width-60 flex-container-row false"
    >
      <Connect(HourBlockRowRecord)
        addEventToRecord={[Function]}
        addPomoRecord={[Function]}
        allProjectTasksOrdered={Immutable.Map {}}
        deleteEvent={[Function]}
        isUpdatingPlannedPomo={false}
        plannedPomo={Immutable.Map {}}
        recordPomo={Immutable.Map {}}
        sectionOfDay={6}
      />
    </div>
  </div>
  <div
    className="flex-container-row typical-setup height-30 border-top-white-20}"
    key="7"
  >
    <div
      className="flex-3 flex-container-row false"
    >
      <Connect(HourBlockRowPlanned)
        allProjectTasksOrdered={Immutable.Map {}}
        currentSectionOfDay={0}
        isToday={false}
        isUpdatingPlannedPomo={false}
        onChangePlannedPomo={[Function]}
        plannedPomo={Immutable.Map {}}
        recordPomo={Immutable.Map {}}
        sectionName="03:30"
        sectionOfDay={7}
      />
    </div>
    <div
      className="width-60 flex-container-row false"
    >
      <Connect(HourBlockRowRecord)
        addEventToRecord={[Function]}
        addPomoRecord={[Function]}
        allProjectTasksOrdered={Immutable.Map {}}
        deleteEvent={[Function]}
        isUpdatingPlannedPomo={false}
        plannedPomo={Immutable.Map {}}
        recordPomo={Immutable.Map {}}
        sectionOfDay={7}
      />
    </div>
  </div>
  <div
    className="flex-container-row typical-setup height-30 border-top-white-70 margin-top-30}"
    key="8"
  >
    <div
      className="flex-3 flex-container-row false"
    >
      <Connect(HourBlockRowPlanned)
        allProjectTasksOrdered={Immutable.Map {}}
        currentSectionOfDay={0}
        isToday={false}
        isUpdatingPlannedPomo={false}
        onChangePlannedPomo={[Function]}
        plannedPomo={Immutable.Map {}}
        recordPomo={Immutable.Map {}}
        sectionName="04:00"
        sectionOfDay={8}
      />
    </div>
    <div
      className="width-60 flex-container-row false"
    >
      <Connect(HourBlockRowRecord)
        addEventToRecord={[Function]}
        addPomoRecord={[Function]}
        allProjectTasksOrdered={Immutable.Map {}}
        deleteEvent={[Function]}
        isUpdatingPlannedPomo={false}
        plannedPomo={Immutable.Map {}}
        recordPomo={Immutable.Map {}}
        sectionOfDay={8}
      />
    </div>
  </div>
  <div
    className="flex-container-row typical-setup height-30 border-top-white-20}"
    key="9"
  >
    <div
      className="flex-3 flex-container-row false"
    >
      <Connect(HourBlockRowPlanned)
        allProjectTasksOrdered={Immutable.Map {}}
        currentSectionOfDay={0}
        isToday={false}
        isUpdatingPlannedPomo={false}
        onChangePlannedPomo={[Function]}
        plannedPomo={Immutable.Map {}}
        recordPomo={Immutable.Map {}}
        sectionName="04:30"
        sectionOfDay={9}
      />
    </div>
    <div
      className="width-60 flex-container-row false"
    >
      <Connect(HourBlockRowRecord)
        addEventToRecord={[Function]}
        addPomoRecord={[Function]}
        allProjectTasksOrdered={Immutable.Map {}}
        deleteEvent={[Function]}
        isUpdatingPlannedPomo={false}
        plannedPomo={Immutable.Map {}}
        recordPomo={Immutable.Map {}}
        sectionOfDay={9}
      />
    </div>
  </div>
  <div
    className="flex-container-row typical-setup height-30 border-top-white-20}"
    key="10"
  >
    <div
      className="flex-3 flex-container-row false"
    >
      <Connect(HourBlockRowPlanned)
        allProjectTasksOrdered={Immutable.Map {}}
        currentSectionOfDay={0}
        isToday={false}
        isUpdatingPlannedPomo={false}
        onChangePlannedPomo={[Function]}
        plannedPomo={Immutable.Map {}}
        recordPomo={Immutable.Map {}}
        sectionName="05:00"
        sectionOfDay={10}
      />
    </div>
    <div
      className="width-60 flex-container-row false"
    >
      <Connect(HourBlockRowRecord)
        addEventToRecord={[Function]}
        addPomoRecord={[Function]}
        allProjectTasksOrdered={Immutable.Map {}}
        deleteEvent={[Function]}
        isUpdatingPlannedPomo={false}
        plannedPomo={Immutable.Map {}}
        recordPomo={Immutable.Map {}}
        sectionOfDay={10}
      />
    </div>
  </div>
  <div
    className="flex-container-row typical-setup height-30 border-top-white-20}"
    key="11"
  >
    <div
      className="flex-3 flex-container-row false"
    >
      <Connect(HourBlockRowPlanned)
        allProjectTasksOrdered={Immutable.Map {}}
        currentSectionOfDay={0}
        isToday={false}
        isUpdatingPlannedPomo={false}
        onChangePlannedPomo={[Function]}
        plannedPomo={Immutable.Map {}}
        recordPomo={Immutable.Map {}}
        sectionName="05:30"
        sectionOfDay={11}
      />
    </div>
    <div
      className="width-60 flex-container-row false"
    >
      <Connect(HourBlockRowRecord)
        addEventToRecord={[Function]}
        addPomoRecord={[Function]}
        allProjectTasksOrdered={Immutable.Map {}}
        deleteEvent={[Function]}
        isUpdatingPlannedPomo={false}
        plannedPomo={Immutable.Map {}}
        recordPomo={Immutable.Map {}}
        sectionOfDay={11}
      />
    </div>
  </div>
  <div
    className="flex-container-row typical-setup height-30 border-top-white-70 margin-top-30}"
    key="12"
  >
    <div
      className="flex-3 flex-container-row false"
    >
      <Connect(HourBlockRowPlanned)
        allProjectTasksOrdered={Immutable.Map {}}
        currentSectionOfDay={0}
        isToday={false}
        isUpdatingPlannedPomo={false}
        onChangePlannedPomo={[Function]}
        plannedPomo={Immutable.Map {}}
        recordPomo={Immutable.Map {}}
        sectionName="06:00"
        sectionOfDay={12}
      />
    </div>
    <div
      className="width-60 flex-container-row false"
    >
      <Connect(HourBlockRowRecord)
        addEventToRecord={[Function]}
        addPomoRecord={[Function]}
        allProjectTasksOrdered={Immutable.Map {}}
        deleteEvent={[Function]}
        isUpdatingPlannedPomo={false}
        plannedPomo={Immutable.Map {}}
        recordPomo={Immutable.Map {}}
        sectionOfDay={12}
      />
    </div>
  </div>
  <div
    className="flex-container-row typical-setup height-30 border-top-white-20}"
    key="13"
  >
    <div
      className="flex-3 flex-container-row false"
    >
      <Connect(HourBlockRowPlanned)
        allProjectTasksOrdered={Immutable.Map {}}
        currentSectionOfDay={0}
        isToday={false}
        isUpdatingPlannedPomo={false}
        onChangePlannedPomo={[Function]}
        plannedPomo={Immutable.Map {}}
        recordPomo={Immutable.Map {}}
        sectionName="06:30"
        sectionOfDay={13}
      />
    </div>
    <div
      className="width-60 flex-container-row false"
    >
      <Connect(HourBlockRowRecord)
        addEventToRecord={[Function]}
        addPomoRecord={[Function]}
        allProjectTasksOrdered={Immutable.Map {}}
        deleteEvent={[Function]}
        isUpdatingPlannedPomo={false}
        plannedPomo={Immutable.Map {}}
        recordPomo={Immutable.Map {}}
        sectionOfDay={13}
      />
    </div>
  </div>
  <div
    className="flex-container-row typical-setup height-30 border-top-white-20}"
    key="14"
  >
    <div
      className="flex-3 flex-container-row false"
    >
      <Connect(HourBlockRowPlanned)
        allProjectTasksOrdered={Immutable.Map {}}
        currentSectionOfDay={0}
        isToday={false}
        isUpdatingPlannedPomo={false}
        onChangePlannedPomo={[Function]}
        plannedPomo={Immutable.Map {}}
        recordPomo={Immutable.Map {}}
        sectionName="07:00"
        sectionOfDay={14}
      />
    </div>
    <div
      className="width-60 flex-container-row false"
    >
      <Connect(HourBlockRowRecord)
        addEventToRecord={[Function]}
        addPomoRecord={[Function]}
        allProjectTasksOrdered={Immutable.Map {}}
        deleteEvent={[Function]}
        isUpdatingPlannedPomo={false}
        plannedPomo={Immutable.Map {}}
        recordPomo={Immutable.Map {}}
        sectionOfDay={14}
      />
    </div>
  </div>
  <div
    className="flex-container-row typical-setup height-30 border-top-white-20}"
    key="15"
  >
    <div
      className="flex-3 flex-container-row false"
    >
      <Connect(HourBlockRowPlanned)
        allProjectTasksOrdered={Immutable.Map {}}
        currentSectionOfDay={0}
        isToday={false}
        isUpdatingPlannedPomo={false}
        onChangePlannedPomo={[Function]}
        plannedPomo={Immutable.Map {}}
        recordPomo={Immutable.Map {}}
        sectionName="07:30"
        sectionOfDay={15}
      />
    </div>
    <div
      className="width-60 flex-container-row false"
    >
      <Connect(HourBlockRowRecord)
        addEventToRecord={[Function]}
        addPomoRecord={[Function]}
        allProjectTasksOrdered={Immutable.Map {}}
        deleteEvent={[Function]}
        isUpdatingPlannedPomo={false}
        plannedPomo={Immutable.Map {}}
        recordPomo={Immutable.Map {}}
        sectionOfDay={15}
      />
    </div>
  </div>
  <div
    className="flex-container-row typical-setup height-30 border-top-white-70 margin-top-30}"
    key="16"
  >
    <div
      className="flex-3 flex-container-row false"
    >
      <Connect(HourBlockRowPlanned)
        allProjectTasksOrdered={Immutable.Map {}}
        currentSectionOfDay={0}
        isToday={false}
        isUpdatingPlannedPomo={false}
        onChangePlannedPomo={[Function]}
        plannedPomo={Immutable.Map {}}
        recordPomo={Immutable.Map {}}
        sectionName="08:00"
        sectionOfDay={16}
      />
    </div>
    <div
      className="width-60 flex-container-row false"
    >
      <Connect(HourBlockRowRecord)
        addEventToRecord={[Function]}
        addPomoRecord={[Function]}
        allProjectTasksOrdered={Immutable.Map {}}
        deleteEvent={[Function]}
        isUpdatingPlannedPomo={false}
        plannedPomo={Immutable.Map {}}
        recordPomo={Immutable.Map {}}
        sectionOfDay={16}
      />
    </div>
  </div>
  <div
    className="flex-container-row typical-setup height-30 border-top-white-20}"
    key="17"
  >
    <div
      className="flex-3 flex-container-row false"
    >
      <Connect(HourBlockRowPlanned)
        allProjectTasksOrdered={Immutable.Map {}}
        currentSectionOfDay={0}
        isToday={false}
        isUpdatingPlannedPomo={false}
        onChangePlannedPomo={[Function]}
        plannedPomo={Immutable.Map {}}
        recordPomo={Immutable.Map {}}
        sectionName="08:30"
        sectionOfDay={17}
      />
    </div>
    <div
      className="width-60 flex-container-row false"
    >
      <Connect(HourBlockRowRecord)
        addEventToRecord={[Function]}
        addPomoRecord={[Function]}
        allProjectTasksOrdered={Immutable.Map {}}
        deleteEvent={[Function]}
        isUpdatingPlannedPomo={false}
        plannedPomo={Immutable.Map {}}
        recordPomo={Immutable.Map {}}
        sectionOfDay={17}
      />
    </div>
  </div>
  <div
    className="flex-container-row typical-setup height-30 border-top-white-20}"
    key="18"
  >
    <div
      className="flex-3 flex-container-row false"
    >
      <Connect(HourBlockRowPlanned)
        allProjectTasksOrdered={Immutable.Map {}}
        currentSectionOfDay={0}
        isToday={false}
        isUpdatingPlannedPomo={false}
        onChangePlannedPomo={[Function]}
        plannedPomo={Immutable.Map {}}
        recordPomo={Immutable.Map {}}
        sectionName="09:00"
        sectionOfDay={18}
      />
    </div>
    <div
      className="width-60 flex-container-row false"
    >
      <Connect(HourBlockRowRecord)
        addEventToRecord={[Function]}
        addPomoRecord={[Function]}
        allProjectTasksOrdered={Immutable.Map {}}
        deleteEvent={[Function]}
        isUpdatingPlannedPomo={false}
        plannedPomo={Immutable.Map {}}
        recordPomo={Immutable.Map {}}
        sectionOfDay={18}
      />
    </div>
  </div>
  <div
    className="flex-container-row typical-setup height-30 border-top-white-20}"
    key="19"
  >
    <div
      className="flex-3 flex-container-row false"
    >
      <Connect(HourBlockRowPlanned)
        allProjectTasksOrdered={Immutable.Map {}}
        currentSectionOfDay={0}
        isToday={false}
        isUpdatingPlannedPomo={false}
        onChangePlannedPomo={[Function]}
        plannedPomo={Immutable.Map {}}
        recordPomo={Immutable.Map {}}
        sectionName="09:30"
        sectionOfDay={19}
      />
    </div>
    <div
      className="width-60 flex-container-row false"
    >
      <Connect(HourBlockRowRecord)
        addEventToRecord={[Function]}
        addPomoRecord={[Function]}
        allProjectTasksOrdered={Immutable.Map {}}
        deleteEvent={[Function]}
        isUpdatingPlannedPomo={false}
        plannedPomo={Immutable.Map {}}
        recordPomo={Immutable.Map {}}
        sectionOfDay={19}
      />
    </div>
  </div>
  <div
    className="flex-container-row typical-setup height-30 border-top-white-70 margin-top-30}"
    key="20"
  >
    <div
      className="flex-3 flex-container-row false"
    >
      <Connect(HourBlockRowPlanned)
        allProjectTasksOrdered={Immutable.Map {}}
        currentSectionOfDay={0}
        isToday={false}
        isUpdatingPlannedPomo={false}
        onChangePlannedPomo={[Function]}
        plannedPomo={Immutable.Map {}}
        recordPomo={Immutable.Map {}}
        sectionName="10:00"
        sectionOfDay={20}
      />
    </div>
    <div
      className="width-60 flex-container-row false"
    >
      <Connect(HourBlockRowRecord)
        addEventToRecord={[Function]}
        addPomoRecord={[Function]}
        allProjectTasksOrdered={Immutable.Map {}}
        deleteEvent={[Function]}
        isUpdatingPlannedPomo={false}
        plannedPomo={Immutable.Map {}}
        recordPomo={Immutable.Map {}}
        sectionOfDay={20}
      />
    </div>
  </div>
  <div
    className="flex-container-row typical-setup height-30 border-top-white-20}"
    key="21"
  >
    <div
      className="flex-3 flex-container-row false"
    >
      <Connect(HourBlockRowPlanned)
        allProjectTasksOrdered={Immutable.Map {}}
        currentSectionOfDay={0}
        isToday={false}
        isUpdatingPlannedPomo={false}
        onChangePlannedPomo={[Function]}
        plannedPomo={Immutable.Map {}}
        recordPomo={Immutable.Map {}}
        sectionName="10:30"
        sectionOfDay={21}
      />
    </div>
    <div
      className="width-60 flex-container-row false"
    >
      <Connect(HourBlockRowRecord)
        addEventToRecord={[Function]}
        addPomoRecord={[Function]}
        allProjectTasksOrdered={Immutable.Map {}}
        deleteEvent={[Function]}
        isUpdatingPlannedPomo={false}
        plannedPomo={Immutable.Map {}}
        recordPomo={Immutable.Map {}}
        sectionOfDay={21}
      />
    </div>
  </div>
  <div
    className="flex-container-row typical-setup height-30 border-top-white-20}"
    key="22"
  >
    <div
      className="flex-3 flex-container-row false"
    >
      <Connect(HourBlockRowPlanned)
        allProjectTasksOrdered={Immutable.Map {}}
        currentSectionOfDay={0}
        isToday={false}
        isUpdatingPlannedPomo={false}
        onChangePlannedPomo={[Function]}
        plannedPomo={Immutable.Map {}}
        recordPomo={Immutable.Map {}}
        sectionName="11:00"
        sectionOfDay={22}
      />
    </div>
    <div
      className="width-60 flex-container-row false"
    >
      <Connect(HourBlockRowRecord)
        addEventToRecord={[Function]}
        addPomoRecord={[Function]}
        allProjectTasksOrdered={Immutable.Map {}}
        deleteEvent={[Function]}
        isUpdatingPlannedPomo={false}
        plannedPomo={Immutable.Map {}}
        recordPomo={Immutable.Map {}}
        sectionOfDay={22}
      />
    </div>
  </div>
  <div
    className="flex-container-row typical-setup height-30 border-top-white-20}"
    key="23"
  >
    <div
      className="flex-3 flex-container-row false"
    >
      <Connect(HourBlockRowPlanned)
        allProjectTasksOrdered={Immutable.Map {}}
        currentSectionOfDay={0}
        isToday={false}
        isUpdatingPlannedPomo={false}
        onChangePlannedPomo={[Function]}
        plannedPomo={Immutable.Map {}}
        recordPomo={Immutable.Map {}}
        sectionName="11:30"
        sectionOfDay={23}
      />
    </div>
    <div
      className="width-60 flex-container-row false"
    >
      <Connect(HourBlockRowRecord)
        addEventToRecord={[Function]}
        addPomoRecord={[Function]}
        allProjectTasksOrdered={Immutable.Map {}}
        deleteEvent={[Function]}
        isUpdatingPlannedPomo={false}
        plannedPomo={Immutable.Map {}}
        recordPomo={Immutable.Map {}}
        sectionOfDay={23}
      />
    </div>
  </div>
  <div
    className="flex-container-row typical-setup height-30 border-top-white-70 margin-top-30}"
    key="24"
  >
    <div
      className="flex-3 flex-container-row false"
    >
      <Connect(HourBlockRowPlanned)
        allProjectTasksOrdered={Immutable.Map {}}
        currentSectionOfDay={0}
        isToday={false}
        isUpdatingPlannedPomo={false}
        onChangePlannedPomo={[Function]}
        plannedPomo={Immutable.Map {}}
        recordPomo={Immutable.Map {}}
        sectionName="12:00"
        sectionOfDay={24}
      />
    </div>
    <div
      className="width-60 flex-container-row false"
    >
      <Connect(HourBlockRowRecord)
        addEventToRecord={[Function]}
        addPomoRecord={[Function]}
        allProjectTasksOrdered={Immutable.Map {}}
        deleteEvent={[Function]}
        isUpdatingPlannedPomo={false}
        plannedPomo={Immutable.Map {}}
        recordPomo={Immutable.Map {}}
        sectionOfDay={24}
      />
    </div>
  </div>
  <div
    className="flex-container-row typical-setup height-30 border-top-white-20}"
    key="25"
  >
    <div
      className="flex-3 flex-container-row false"
    >
      <Connect(HourBlockRowPlanned)
        allProjectTasksOrdered={Immutable.Map {}}
        currentSectionOfDay={0}
        isToday={false}
        isUpdatingPlannedPomo={false}
        onChangePlannedPomo={[Function]}
        plannedPomo={Immutable.Map {}}
        recordPomo={Immutable.Map {}}
        sectionName="12:30"
        sectionOfDay={25}
      />
    </div>
    <div
      className="width-60 flex-container-row false"
    >
      <Connect(HourBlockRowRecord)
        addEventToRecord={[Function]}
        addPomoRecord={[Function]}
        allProjectTasksOrdered={Immutable.Map {}}
        deleteEvent={[Function]}
        isUpdatingPlannedPomo={false}
        plannedPomo={Immutable.Map {}}
        recordPomo={Immutable.Map {}}
        sectionOfDay={25}
      />
    </div>
  </div>
  <div
    className="flex-container-row typical-setup height-30 border-top-white-20}"
    key="26"
  >
    <div
      className="flex-3 flex-container-row false"
    >
      <Connect(HourBlockRowPlanned)
        allProjectTasksOrdered={Immutable.Map {}}
        currentSectionOfDay={0}
        isToday={false}
        isUpdatingPlannedPomo={false}
        onChangePlannedPomo={[Function]}
        plannedPomo={Immutable.Map {}}
        recordPomo={Immutable.Map {}}
        sectionName="13:00"
        sectionOfDay={26}
      />
    </div>
    <div
      className="width-60 flex-container-row false"
    >
      <Connect(HourBlockRowRecord)
        addEventToRecord={[Function]}
        addPomoRecord={[Function]}
        allProjectTasksOrdered={Immutable.Map {}}
        deleteEvent={[Function]}
        isUpdatingPlannedPomo={false}
        plannedPomo={Immutable.Map {}}
        recordPomo={Immutable.Map {}}
        sectionOfDay={26}
      />
    </div>
  </div>
  <div
    className="flex-container-row typical-setup height-30 border-top-white-20}"
    key="27"
  >
    <div
      className="flex-3 flex-container-row false"
    >
      <Connect(HourBlockRowPlanned)
        allProjectTasksOrdered={Immutable.Map {}}
        currentSectionOfDay={0}
        isToday={false}
        isUpdatingPlannedPomo={false}
        onChangePlannedPomo={[Function]}
        plannedPomo={Immutable.Map {}}
        recordPomo={Immutable.Map {}}
        sectionName="13:30"
        sectionOfDay={27}
      />
    </div>
    <div
      className="width-60 flex-container-row false"
    >
      <Connect(HourBlockRowRecord)
        addEventToRecord={[Function]}
        addPomoRecord={[Function]}
        allProjectTasksOrdered={Immutable.Map {}}
        deleteEvent={[Function]}
        isUpdatingPlannedPomo={false}
        plannedPomo={Immutable.Map {}}
        recordPomo={Immutable.Map {}}
        sectionOfDay={27}
      />
    </div>
  </div>
  <div
    className="flex-container-row typical-setup height-30 border-top-white-70 margin-top-30}"
    key="28"
  >
    <div
      className="flex-3 flex-container-row false"
    >
      <Connect(HourBlockRowPlanned)
        allProjectTasksOrdered={Immutable.Map {}}
        currentSectionOfDay={0}
        isToday={false}
        isUpdatingPlannedPomo={false}
        onChangePlannedPomo={[Function]}
        plannedPomo={Immutable.Map {}}
        recordPomo={Immutable.Map {}}
        sectionName="14:00"
        sectionOfDay={28}
      />
    </div>
    <div
      className="width-60 flex-container-row false"
    >
      <Connect(HourBlockRowRecord)
        addEventToRecord={[Function]}
        addPomoRecord={[Function]}
        allProjectTasksOrdered={Immutable.Map {}}
        deleteEvent={[Function]}
        isUpdatingPlannedPomo={false}
        plannedPomo={Immutable.Map {}}
        recordPomo={Immutable.Map {}}
        sectionOfDay={28}
      />
    </div>
  </div>
  <div
    className="flex-container-row typical-setup height-30 border-top-white-20}"
    key="29"
  >
    <div
      className="flex-3 flex-container-row false"
    >
      <Connect(HourBlockRowPlanned)
        allProjectTasksOrdered={Immutable.Map {}}
        currentSectionOfDay={0}
        isToday={false}
        isUpdatingPlannedPomo={false}
        onChangePlannedPomo={[Function]}
        plannedPomo={Immutable.Map {}}
        recordPomo={Immutable.Map {}}
        sectionName="14:30"
        sectionOfDay={29}
      />
    </div>
    <div
      className="width-60 flex-container-row false"
    >
      <Connect(HourBlockRowRecord)
        addEventToRecord={[Function]}
        addPomoRecord={[Function]}
        allProjectTasksOrdered={Immutable.Map {}}
        deleteEvent={[Function]}
        isUpdatingPlannedPomo={false}
        plannedPomo={Immutable.Map {}}
        recordPomo={Immutable.Map {}}
        sectionOfDay={29}
      />
    </div>
  </div>
  <div
    className="flex-container-row typical-setup height-30 border-top-white-20}"
    key="30"
  >
    <div
      className="flex-3 flex-container-row false"
    >
      <Connect(HourBlockRowPlanned)
        allProjectTasksOrdered={Immutable.Map {}}
        currentSectionOfDay={0}
        isToday={false}
        isUpdatingPlannedPomo={false}
        onChangePlannedPomo={[Function]}
        plannedPomo={Immutable.Map {}}
        recordPomo={Immutable.Map {}}
        sectionName="15:00"
        sectionOfDay={30}
      />
    </div>
    <div
      className="width-60 flex-container-row false"
    >
      <Connect(HourBlockRowRecord)
        addEventToRecord={[Function]}
        addPomoRecord={[Function]}
        allProjectTasksOrdered={Immutable.Map {}}
        deleteEvent={[Function]}
        isUpdatingPlannedPomo={false}
        plannedPomo={Immutable.Map {}}
        recordPomo={Immutable.Map {}}
        sectionOfDay={30}
      />
    </div>
  </div>
  <div
    className="flex-container-row typical-setup height-30 border-top-white-20}"
    key="31"
  >
    <div
      className="flex-3 flex-container-row false"
    >
      <Connect(HourBlockRowPlanned)
        allProjectTasksOrdered={Immutable.Map {}}
        currentSectionOfDay={0}
        isToday={false}
        isUpdatingPlannedPomo={false}
        onChangePlannedPomo={[Function]}
        plannedPomo={Immutable.Map {}}
        recordPomo={Immutable.Map {}}
        sectionName="15:30"
        sectionOfDay={31}
      />
    </div>
    <div
      className="width-60 flex-container-row false"
    >
      <Connect(HourBlockRowRecord)
        addEventToRecord={[Function]}
        addPomoRecord={[Function]}
        allProjectTasksOrdered={Immutable.Map {}}
        deleteEvent={[Function]}
        isUpdatingPlannedPomo={false}
        plannedPomo={Immutable.Map {}}
        recordPomo={Immutable.Map {}}
        sectionOfDay={31}
      />
    </div>
  </div>
  <div
    className="flex-container-row typical-setup height-30 border-top-white-70 margin-top-30}"
    key="32"
  >
    <div
      className="flex-3 flex-container-row false"
    >
      <Connect(HourBlockRowPlanned)
        allProjectTasksOrdered={Immutable.Map {}}
        currentSectionOfDay={0}
        isToday={false}
        isUpdatingPlannedPomo={false}
        onChangePlannedPomo={[Function]}
        plannedPomo={Immutable.Map {}}
        recordPomo={Immutable.Map {}}
        sectionName="16:00"
        sectionOfDay={32}
      />
    </div>
    <div
      className="width-60 flex-container-row false"
    >
      <Connect(HourBlockRowRecord)
        addEventToRecord={[Function]}
        addPomoRecord={[Function]}
        allProjectTasksOrdered={Immutable.Map {}}
        deleteEvent={[Function]}
        isUpdatingPlannedPomo={false}
        plannedPomo={Immutable.Map {}}
        recordPomo={Immutable.Map {}}
        sectionOfDay={32}
      />
    </div>
  </div>
  <div
    className="flex-container-row typical-setup height-30 border-top-white-20}"
    key="33"
  >
    <div
      className="flex-3 flex-container-row false"
    >
      <Connect(HourBlockRowPlanned)
        allProjectTasksOrdered={Immutable.Map {}}
        currentSectionOfDay={0}
        isToday={false}
        isUpdatingPlannedPomo={false}
        onChangePlannedPomo={[Function]}
        plannedPomo={Immutable.Map {}}
        recordPomo={Immutable.Map {}}
        sectionName="16:30"
        sectionOfDay={33}
      />
    </div>
    <div
      className="width-60 flex-container-row false"
    >
      <Connect(HourBlockRowRecord)
        addEventToRecord={[Function]}
        addPomoRecord={[Function]}
        allProjectTasksOrdered={Immutable.Map {}}
        deleteEvent={[Function]}
        isUpdatingPlannedPomo={false}
        plannedPomo={Immutable.Map {}}
        recordPomo={Immutable.Map {}}
        sectionOfDay={33}
      />
    </div>
  </div>
  <div
    className="flex-container-row typical-setup height-30 border-top-white-20}"
    key="34"
  >
    <div
      className="flex-3 flex-container-row false"
    >
      <Connect(HourBlockRowPlanned)
        allProjectTasksOrdered={Immutable.Map {}}
        currentSectionOfDay={0}
        isToday={false}
        isUpdatingPlannedPomo={false}
        onChangePlannedPomo={[Function]}
        plannedPomo={Immutable.Map {}}
        recordPomo={Immutable.Map {}}
        sectionName="17:00"
        sectionOfDay={34}
      />
    </div>
    <div
      className="width-60 flex-container-row false"
    >
      <Connect(HourBlockRowRecord)
        addEventToRecord={[Function]}
        addPomoRecord={[Function]}
        allProjectTasksOrdered={Immutable.Map {}}
        deleteEvent={[Function]}
        isUpdatingPlannedPomo={false}
        plannedPomo={Immutable.Map {}}
        recordPomo={Immutable.Map {}}
        sectionOfDay={34}
      />
    </div>
  </div>
  <div
    className="flex-container-row typical-setup height-30 border-top-white-20}"
    key="35"
  >
    <div
      className="flex-3 flex-container-row false"
    >
      <Connect(HourBlockRowPlanned)
        allProjectTasksOrdered={Immutable.Map {}}
        currentSectionOfDay={0}
        isToday={false}
        isUpdatingPlannedPomo={false}
        onChangePlannedPomo={[Function]}
        plannedPomo={Immutable.Map {}}
        recordPomo={Immutable.Map {}}
        sectionName="17:30"
        sectionOfDay={35}
      />
    </div>
    <div
      className="width-60 flex-container-row false"
    >
      <Connect(HourBlockRowRecord)
        addEventToRecord={[Function]}
        addPomoRecord={[Function]}
        allProjectTasksOrdered={Immutable.Map {}}
        deleteEvent={[Function]}
        isUpdatingPlannedPomo={false}
        plannedPomo={Immutable.Map {}}
        recordPomo={Immutable.Map {}}
        sectionOfDay={35}
      />
    </div>
  </div>
  <div
    className="flex-container-row typical-setup height-30 border-top-white-70 margin-top-30}"
    key="36"
  >
    <div
      className="flex-3 flex-container-row false"
    >
      <Connect(HourBlockRowPlanned)
        allProjectTasksOrdered={Immutable.Map {}}
        currentSectionOfDay={0}
        isToday={false}
        isUpdatingPlannedPomo={false}
        onChangePlannedPomo={[Function]}
        plannedPomo={Immutable.Map {}}
        recordPomo={Immutable.Map {}}
        sectionName="18:00"
        sectionOfDay={36}
      />
    </div>
    <div
      className="width-60 flex-container-row false"
    >
      <Connect(HourBlockRowRecord)
        addEventToRecord={[Function]}
        addPomoRecord={[Function]}
        allProjectTasksOrdered={Immutable.Map {}}
        deleteEvent={[Function]}
        isUpdatingPlannedPomo={false}
        plannedPomo={Immutable.Map {}}
        recordPomo={Immutable.Map {}}
        sectionOfDay={36}
      />
    </div>
  </div>
  <div
    className="flex-container-row typical-setup height-30 border-top-white-20}"
    key="37"
  >
    <div
      className="flex-3 flex-container-row false"
    >
      <Connect(HourBlockRowPlanned)
        allProjectTasksOrdered={Immutable.Map {}}
        currentSectionOfDay={0}
        isToday={false}
        isUpdatingPlannedPomo={false}
        onChangePlannedPomo={[Function]}
        plannedPomo={Immutable.Map {}}
        recordPomo={Immutable.Map {}}
        sectionName="18:30"
        sectionOfDay={37}
      />
    </div>
    <div
      className="width-60 flex-container-row false"
    >
      <Connect(HourBlockRowRecord)
        addEventToRecord={[Function]}
        addPomoRecord={[Function]}
        allProjectTasksOrdered={Immutable.Map {}}
        deleteEvent={[Function]}
        isUpdatingPlannedPomo={false}
        plannedPomo={Immutable.Map {}}
        recordPomo={Immutable.Map {}}
        sectionOfDay={37}
      />
    </div>
  </div>
  <div
    className="flex-container-row typical-setup height-30 border-top-white-20}"
    key="38"
  >
    <div
      className="flex-3 flex-container-row false"
    >
      <Connect(HourBlockRowPlanned)
        allProjectTasksOrdered={Immutable.Map {}}
        currentSectionOfDay={0}
        isToday={false}
        isUpdatingPlannedPomo={false}
        onChangePlannedPomo={[Function]}
        plannedPomo={Immutable.Map {}}
        recordPomo={Immutable.Map {}}
        sectionName="19:00"
        sectionOfDay={38}
      />
    </div>
    <div
      className="width-60 flex-container-row false"
    >
      <Connect(HourBlockRowRecord)
        addEventToRecord={[Function]}
        addPomoRecord={[Function]}
        allProjectTasksOrdered={Immutable.Map {}}
        deleteEvent={[Function]}
        isUpdatingPlannedPomo={false}
        plannedPomo={Immutable.Map {}}
        recordPomo={Immutable.Map {}}
        sectionOfDay={38}
      />
    </div>
  </div>
  <div
    className="flex-container-row typical-setup height-30 border-top-white-20}"
    key="39"
  >
    <div
      className="flex-3 flex-container-row false"
    >
      <Connect(HourBlockRowPlanned)
        allProjectTasksOrdered={Immutable.Map {}}
        currentSectionOfDay={0}
        isToday={false}
        isUpdatingPlannedPomo={false}
        onChangePlannedPomo={[Function]}
        plannedPomo={Immutable.Map {}}
        recordPomo={Immutable.Map {}}
        sectionName="19:30"
        sectionOfDay={39}
      />
    </div>
    <div
      className="width-60 flex-container-row false"
    >
      <Connect(HourBlockRowRecord)
        addEventToRecord={[Function]}
        addPomoRecord={[Function]}
        allProjectTasksOrdered={Immutable.Map {}}
        deleteEvent={[Function]}
        isUpdatingPlannedPomo={false}
        plannedPomo={Immutable.Map {}}
        recordPomo={Immutable.Map {}}
        sectionOfDay={39}
      />
    </div>
  </div>
  <div
    className="flex-container-row typical-setup height-30 border-top-white-70 margin-top-30}"
    key="40"
  >
    <div
      className="flex-3 flex-container-row false"
    >
      <Connect(HourBlockRowPlanned)
        allProjectTasksOrdered={Immutable.Map {}}
        currentSectionOfDay={0}
        isToday={false}
        isUpdatingPlannedPomo={false}
        onChangePlannedPomo={[Function]}
        plannedPomo={Immutable.Map {}}
        recordPomo={Immutable.Map {}}
        sectionName="20:00"
        sectionOfDay={40}
      />
    </div>
    <div
      className="width-60 flex-container-row false"
    >
      <Connect(HourBlockRowRecord)
        addEventToRecord={[Function]}
        addPomoRecord={[Function]}
        allProjectTasksOrdered={Immutable.Map {}}
        deleteEvent={[Function]}
        isUpdatingPlannedPomo={false}
        plannedPomo={Immutable.Map {}}
        recordPomo={Immutable.Map {}}
        sectionOfDay={40}
      />
    </div>
  </div>
  <div
    className="flex-container-row typical-setup height-30 border-top-white-20}"
    key="41"
  >
    <div
      className="flex-3 flex-container-row false"
    >
      <Connect(HourBlockRowPlanned)
        allProjectTasksOrdered={Immutable.Map {}}
        currentSectionOfDay={0}
        isToday={false}
        isUpdatingPlannedPomo={false}
        onChangePlannedPomo={[Function]}
        plannedPomo={Immutable.Map {}}
        recordPomo={Immutable.Map {}}
        sectionName="20:30"
        sectionOfDay={41}
      />
    </div>
    <div
      className="width-60 flex-container-row false"
    >
      <Connect(HourBlockRowRecord)
        addEventToRecord={[Function]}
        addPomoRecord={[Function]}
        allProjectTasksOrdered={Immutable.Map {}}
        deleteEvent={[Function]}
        isUpdatingPlannedPomo={false}
        plannedPomo={Immutable.Map {}}
        recordPomo={Immutable.Map {}}
        sectionOfDay={41}
      />
    </div>
  </div>
  <div
    className="flex-container-row typical-setup height-30 border-top-white-20}"
    key="42"
  >
    <div
      className="flex-3 flex-container-row false"
    >
      <Connect(HourBlockRowPlanned)
        allProjectTasksOrdered={Immutable.Map {}}
        currentSectionOfDay={0}
        isToday={false}
        isUpdatingPlannedPomo={false}
        onChangePlannedPomo={[Function]}
        plannedPomo={Immutable.Map {}}
        recordPomo={Immutable.Map {}}
        sectionName="21:00"
        sectionOfDay={42}
      />
    </div>
    <div
      className="width-60 flex-container-row false"
    >
      <Connect(HourBlockRowRecord)
        addEventToRecord={[Function]}
        addPomoRecord={[Function]}
        allProjectTasksOrdered={Immutable.Map {}}
        deleteEvent={[Function]}
        isUpdatingPlannedPomo={false}
        plannedPomo={Immutable.Map {}}
        recordPomo={Immutable.Map {}}
        sectionOfDay={42}
      />
    </div>
  </div>
  <div
    className="flex-container-row typical-setup height-30 border-top-white-20}"
    key="43"
  >
    <div
      className="flex-3 flex-container-row false"
    >
      <Connect(HourBlockRowPlanned)
        allProjectTasksOrdered={Immutable.Map {}}
        currentSectionOfDay={0}
        isToday={false}
        isUpdatingPlannedPomo={false}
        onChangePlannedPomo={[Function]}
        plannedPomo={Immutable.Map {}}
        recordPomo={Immutable.Map {}}
        sectionName="21:30"
        sectionOfDay={43}
      />
    </div>
    <div
      className="width-60 flex-container-row false"
    >
      <Connect(HourBlockRowRecord)
        addEventToRecord={[Function]}
        addPomoRecord={[Function]}
        allProjectTasksOrdered={Immutable.Map {}}
        deleteEvent={[Function]}
        isUpdatingPlannedPomo={false}
        plannedPomo={Immutable.Map {}}
        recordPomo={Immutable.Map {}}
        sectionOfDay={43}
      />
    </div>
  </div>
  <div
    className="flex-container-row typical-setup height-30 border-top-white-70 margin-top-30}"
    key="44"
  >
    <div
      className="flex-3 flex-container-row false"
    >
      <Connect(HourBlockRowPlanned)
        allProjectTasksOrdered={Immutable.Map {}}
        currentSectionOfDay={0}
        isToday={false}
        isUpdatingPlannedPomo={false}
        onChangePlannedPomo={[Function]}
        plannedPomo={Immutable.Map {}}
        recordPomo={Immutable.Map {}}
        sectionName="22:00"
        sectionOfDay={44}
      />
    </div>
    <div
      className="width-60 flex-container-row false"
    >
      <Connect(HourBlockRowRecord)
        addEventToRecord={[Function]}
        addPomoRecord={[Function]}
        allProjectTasksOrdered={Immutable.Map {}}
        deleteEvent={[Function]}
        isUpdatingPlannedPomo={false}
        plannedPomo={Immutable.Map {}}
        recordPomo={Immutable.Map {}}
        sectionOfDay={44}
      />
    </div>
  </div>
  <div
    className="flex-container-row typical-setup height-30 border-top-white-20}"
    key="45"
  >
    <div
      className="flex-3 flex-container-row false"
    >
      <Connect(HourBlockRowPlanned)
        allProjectTasksOrdered={Immutable.Map {}}
        currentSectionOfDay={0}
        isToday={false}
        isUpdatingPlannedPomo={false}
        onChangePlannedPomo={[Function]}
        plannedPomo={Immutable.Map {}}
        recordPomo={Immutable.Map {}}
        sectionName="22:30"
        sectionOfDay={45}
      />
    </div>
    <div
      className="width-60 flex-container-row false"
    >
      <Connect(HourBlockRowRecord)
        addEventToRecord={[Function]}
        addPomoRecord={[Function]}
        allProjectTasksOrdered={Immutable.Map {}}
        deleteEvent={[Function]}
        isUpdatingPlannedPomo={false}
        plannedPomo={Immutable.Map {}}
        recordPomo={Immutable.Map {}}
        sectionOfDay={45}
      />
    </div>
  </div>
  <div
    className="flex-container-row typical-setup height-30 border-top-white-20}"
    key="46"
  >
    <div
      className="flex-3 flex-container-row false"
    >
      <Connect(HourBlockRowPlanned)
        allProjectTasksOrdered={Immutable.Map {}}
        currentSectionOfDay={0}
        isToday={false}
        isUpdatingPlannedPomo={false}
        onChangePlannedPomo={[Function]}
        plannedPomo={Immutable.Map {}}
        recordPomo={Immutable.Map {}}
        sectionName="23:00"
        sectionOfDay={46}
      />
    </div>
    <div
      className="width-60 flex-container-row false"
    >
      <Connect(HourBlockRowRecord)
        addEventToRecord={[Function]}
        addPomoRecord={[Function]}
        allProjectTasksOrdered={Immutable.Map {}}
        deleteEvent={[Function]}
        isUpdatingPlannedPomo={false}
        plannedPomo={Immutable.Map {}}
        recordPomo={Immutable.Map {}}
        sectionOfDay={46}
      />
    </div>
  </div>
  <div
    className="flex-container-row typical-setup height-30 border-top-white-20}"
    key="47"
  >
    <div
      className="flex-3 flex-container-row false"
    >
      <Connect(HourBlockRowPlanned)
        allProjectTasksOrdered={Immutable.Map {}}
        currentSectionOfDay={0}
        isToday={false}
        isUpdatingPlannedPomo={false}
        onChangePlannedPomo={[Function]}
        plannedPomo={Immutable.Map {}}
        recordPomo={Immutable.Map {}}
        sectionName="23:30"
        sectionOfDay={47}
      />
    </div>
    <div
      className="width-60 flex-container-row false"
    >
      <Connect(HourBlockRowRecord)
        addEventToRecord={[Function]}
        addPomoRecord={[Function]}
        allProjectTasksOrdered={Immutable.Map {}}
        deleteEvent={[Function]}
        isUpdatingPlannedPomo={false}
        plannedPomo={Immutable.Map {}}
        recordPomo={Immutable.Map {}}
        sectionOfDay={47}
      />
    </div>
  </div>
</div>
`;
