// Jest Snapshot v1, https://goo.gl/fbAQLP

exports[`RecentNoteRow Unit Tests  renders correctly 1`] = `
<div
  className="border-bottom-white flex-container-row typical-setup overflow-hidden"
  data-role="recentnote-row"
>
  <i
    className="fa fa-fw fa-eye wdith-20"
  />
  <div
    className="flex-1"
  >
     No Recent
  </div>
</div>
`;
