// Jest Snapshot v1, https://goo.gl/fbAQLP

exports[`NotebookGroupRow Unit Tests  renders correctly 1`] = `
<div
  className="flex-container-row typical-setup overflow-hidden color-white-70 border-bottom-white-20 padding-horizontal-5"
  data-role="notebookgroup-row"
  onDragOver={[Function]}
  onDrop={[Function]}
>
  <span
    className="flex-3 text-left"
  />
  <span
    className="flex-1 text-right"
    onClick={[Function]}
    role="button"
    tabIndex="-1"
  >
    +
  </span>
  <i
    className="fa fa-fw fa-close font-14"
    onClick={[Function]}
    role="menuitem"
    tabIndex="-1"
  />
  <i
    className="fa fa-fw fa-edit font-14"
    onClick={[Function]}
    role="menuitem"
    tabIndex="-1"
  />
</div>
`;
