// Jest Snapshot v1, https://goo.gl/fbAQLP

exports[`WorkoutList Unit Tests when normally set up renders correctly 1`] = `
<Fragment>
  <div
    className="section-header"
  >
    Workout List
  </div>
  <div
    className="section-content"
  >
    <div
      className="flex-container-row pinned-bottom border-top"
    >
      <Connect(InputNew)
        actions={Object {}}
        inputName="name"
      />
    </div>
  </div>
</Fragment>
`;
