// Jest Snapshot v1, https://goo.gl/fbAQLP

exports[`WorkoutRecordsList Unit Tests  renders correctly 1`] = `
<Fragment>
  <section
    className="flex-2"
  >
    <div
      className="section-header"
    >
      Workout Records -
       
    </div>
    <div
      className="section-content"
    >
      <div
        className="flex-container-row pinned-bottom border-top"
      />
    </div>
  </section>
  <section
    className="flex-1"
  >
    <Connect(WorkoutRecordsChart)
      selectedWorkout={Immutable.Map {}}
    />
  </section>
</Fragment>
`;
