// Jest Snapshot v1, https://goo.gl/fbAQLP

exports[`SelectedProjectDetails Unit Tests  renders correctly 1`] = `
<Fragment>
  <div
    className="section-header"
  >
    Project:
  </div>
  <div
    className="section-content"
  >
    <span
      className="flex-container-row typical-setup"
    >
      <span
        className="flex-2"
      >
        Tasks
      </span>
      <span
        className="flex-1"
      >
        0
      </span>
    </span>
    <span
      className="flex-container-row typical-setup border-top-white"
    >
      <span
        className="flex-2"
      >
        Events
      </span>
      <span
        className="flex-1"
      >
        0
      </span>
    </span>
    <span
      className="flex-container-row typical-setup border-top-white"
    >
      <span
        className="flex-2"
      >
        Planned Pomos
      </span>
      <span
        className="flex-1"
      >
        0
      </span>
    </span>
    <span
      className="flex-container-row typical-setup border-top-white"
    >
      <span
        className="flex-2"
      >
        Daily Record Pomos
      </span>
      <span
        className="flex-1"
      >
        0
      </span>
    </span>
    <div
      className="spacing"
    />
  </div>
</Fragment>
`;
