// Jest Snapshot v1, https://goo.gl/fbAQLP

exports[`App Unit Tests when normally set up renders correctly 1`] = `
<ErrorBoundary>
  <div
    id="version"
    style={
      Object {
        "background": "red",
        "left": 0,
        "position": "fixed",
        "top": 0,
        "zIndex": 111,
      }
    }
  >
    Undefined
  </div>
  <Connect(LoginPage)
    pageName="Anki"
  />
</ErrorBoundary>
`;
