// Jest Snapshot v1, https://goo.gl/fbAQLP

exports[`PlanningPage Unit Tests  renders correctly 1`] = `
<div
  className="page"
  data-role="planning-page"
>
  <section
    className="flex-1"
  >
    <div
      className="section-header"
    >
      <span
        className="flex-container-row border-bottom"
      >
        <span
          className="flex-1 border-right"
        />
      </span>
    </div>
    <div
      className="section-content"
    >
      <span
        className="flex-container-row typical-setup border-bottom border-top border-top-white"
        key="0"
      >
        <span
          className="width-50"
        >
          00:00
        </span>
        <Connect(PlanningItem)
          day={0}
          hourblock={0}
          key="0"
          plannedPomo={Immutable.Map {}}
          updatePlannedPomo={[Function]}
          updateRecurTask={[Function]}
        />
        <Connect(PlanningItem)
          day={1}
          hourblock={0}
          key="1"
          plannedPomo={Immutable.Map {}}
          updatePlannedPomo={[Function]}
          updateRecurTask={[Function]}
        />
        <Connect(PlanningItem)
          day={2}
          hourblock={0}
          key="2"
          plannedPomo={Immutable.Map {}}
          updatePlannedPomo={[Function]}
          updateRecurTask={[Function]}
        />
        <Connect(PlanningItem)
          day={3}
          hourblock={0}
          key="3"
          plannedPomo={Immutable.Map {}}
          updatePlannedPomo={[Function]}
          updateRecurTask={[Function]}
        />
        <Connect(PlanningItem)
          day={4}
          hourblock={0}
          key="4"
          plannedPomo={Immutable.Map {}}
          updatePlannedPomo={[Function]}
          updateRecurTask={[Function]}
        />
        <Connect(PlanningItem)
          day={5}
          hourblock={0}
          key="5"
          plannedPomo={Immutable.Map {}}
          updatePlannedPomo={[Function]}
          updateRecurTask={[Function]}
        />
        <Connect(PlanningItem)
          day={6}
          hourblock={0}
          key="6"
          plannedPomo={Immutable.Map {}}
          updatePlannedPomo={[Function]}
          updateRecurTask={[Function]}
        />
      </span>
      <span
        className="flex-container-row typical-setup border-bottom false false"
        key="1"
      >
        <span
          className="width-50"
        >
          00:30
        </span>
        <Connect(PlanningItem)
          day={0}
          hourblock={1}
          key="0"
          plannedPomo={Immutable.Map {}}
          updatePlannedPomo={[Function]}
          updateRecurTask={[Function]}
        />
        <Connect(PlanningItem)
          day={1}
          hourblock={1}
          key="1"
          plannedPomo={Immutable.Map {}}
          updatePlannedPomo={[Function]}
          updateRecurTask={[Function]}
        />
        <Connect(PlanningItem)
          day={2}
          hourblock={1}
          key="2"
          plannedPomo={Immutable.Map {}}
          updatePlannedPomo={[Function]}
          updateRecurTask={[Function]}
        />
        <Connect(PlanningItem)
          day={3}
          hourblock={1}
          key="3"
          plannedPomo={Immutable.Map {}}
          updatePlannedPomo={[Function]}
          updateRecurTask={[Function]}
        />
        <Connect(PlanningItem)
          day={4}
          hourblock={1}
          key="4"
          plannedPomo={Immutable.Map {}}
          updatePlannedPomo={[Function]}
          updateRecurTask={[Function]}
        />
        <Connect(PlanningItem)
          day={5}
          hourblock={1}
          key="5"
          plannedPomo={Immutable.Map {}}
          updatePlannedPomo={[Function]}
          updateRecurTask={[Function]}
        />
        <Connect(PlanningItem)
          day={6}
          hourblock={1}
          key="6"
          plannedPomo={Immutable.Map {}}
          updatePlannedPomo={[Function]}
          updateRecurTask={[Function]}
        />
      </span>
      <span
        className="flex-container-row typical-setup border-bottom border-top false"
        key="2"
      >
        <span
          className="width-50"
        >
          01:00
        </span>
        <Connect(PlanningItem)
          day={0}
          hourblock={2}
          key="0"
          plannedPomo={Immutable.Map {}}
          updatePlannedPomo={[Function]}
          updateRecurTask={[Function]}
        />
        <Connect(PlanningItem)
          day={1}
          hourblock={2}
          key="1"
          plannedPomo={Immutable.Map {}}
          updatePlannedPomo={[Function]}
          updateRecurTask={[Function]}
        />
        <Connect(PlanningItem)
          day={2}
          hourblock={2}
          key="2"
          plannedPomo={Immutable.Map {}}
          updatePlannedPomo={[Function]}
          updateRecurTask={[Function]}
        />
        <Connect(PlanningItem)
          day={3}
          hourblock={2}
          key="3"
          plannedPomo={Immutable.Map {}}
          updatePlannedPomo={[Function]}
          updateRecurTask={[Function]}
        />
        <Connect(PlanningItem)
          day={4}
          hourblock={2}
          key="4"
          plannedPomo={Immutable.Map {}}
          updatePlannedPomo={[Function]}
          updateRecurTask={[Function]}
        />
        <Connect(PlanningItem)
          day={5}
          hourblock={2}
          key="5"
          plannedPomo={Immutable.Map {}}
          updatePlannedPomo={[Function]}
          updateRecurTask={[Function]}
        />
        <Connect(PlanningItem)
          day={6}
          hourblock={2}
          key="6"
          plannedPomo={Immutable.Map {}}
          updatePlannedPomo={[Function]}
          updateRecurTask={[Function]}
        />
      </span>
      <span
        className="flex-container-row typical-setup border-bottom false false"
        key="3"
      >
        <span
          className="width-50"
        >
          01:30
        </span>
        <Connect(PlanningItem)
          day={0}
          hourblock={3}
          key="0"
          plannedPomo={Immutable.Map {}}
          updatePlannedPomo={[Function]}
          updateRecurTask={[Function]}
        />
        <Connect(PlanningItem)
          day={1}
          hourblock={3}
          key="1"
          plannedPomo={Immutable.Map {}}
          updatePlannedPomo={[Function]}
          updateRecurTask={[Function]}
        />
        <Connect(PlanningItem)
          day={2}
          hourblock={3}
          key="2"
          plannedPomo={Immutable.Map {}}
          updatePlannedPomo={[Function]}
          updateRecurTask={[Function]}
        />
        <Connect(PlanningItem)
          day={3}
          hourblock={3}
          key="3"
          plannedPomo={Immutable.Map {}}
          updatePlannedPomo={[Function]}
          updateRecurTask={[Function]}
        />
        <Connect(PlanningItem)
          day={4}
          hourblock={3}
          key="4"
          plannedPomo={Immutable.Map {}}
          updatePlannedPomo={[Function]}
          updateRecurTask={[Function]}
        />
        <Connect(PlanningItem)
          day={5}
          hourblock={3}
          key="5"
          plannedPomo={Immutable.Map {}}
          updatePlannedPomo={[Function]}
          updateRecurTask={[Function]}
        />
        <Connect(PlanningItem)
          day={6}
          hourblock={3}
          key="6"
          plannedPomo={Immutable.Map {}}
          updatePlannedPomo={[Function]}
          updateRecurTask={[Function]}
        />
      </span>
      <span
        className="flex-container-row typical-setup border-bottom border-top border-top-white"
        key="4"
      >
        <span
          className="width-50"
        >
          02:00
        </span>
        <Connect(PlanningItem)
          day={0}
          hourblock={4}
          key="0"
          plannedPomo={Immutable.Map {}}
          updatePlannedPomo={[Function]}
          updateRecurTask={[Function]}
        />
        <Connect(PlanningItem)
          day={1}
          hourblock={4}
          key="1"
          plannedPomo={Immutable.Map {}}
          updatePlannedPomo={[Function]}
          updateRecurTask={[Function]}
        />
        <Connect(PlanningItem)
          day={2}
          hourblock={4}
          key="2"
          plannedPomo={Immutable.Map {}}
          updatePlannedPomo={[Function]}
          updateRecurTask={[Function]}
        />
        <Connect(PlanningItem)
          day={3}
          hourblock={4}
          key="3"
          plannedPomo={Immutable.Map {}}
          updatePlannedPomo={[Function]}
          updateRecurTask={[Function]}
        />
        <Connect(PlanningItem)
          day={4}
          hourblock={4}
          key="4"
          plannedPomo={Immutable.Map {}}
          updatePlannedPomo={[Function]}
          updateRecurTask={[Function]}
        />
        <Connect(PlanningItem)
          day={5}
          hourblock={4}
          key="5"
          plannedPomo={Immutable.Map {}}
          updatePlannedPomo={[Function]}
          updateRecurTask={[Function]}
        />
        <Connect(PlanningItem)
          day={6}
          hourblock={4}
          key="6"
          plannedPomo={Immutable.Map {}}
          updatePlannedPomo={[Function]}
          updateRecurTask={[Function]}
        />
      </span>
      <span
        className="flex-container-row typical-setup border-bottom false false"
        key="5"
      >
        <span
          className="width-50"
        >
          02:30
        </span>
        <Connect(PlanningItem)
          day={0}
          hourblock={5}
          key="0"
          plannedPomo={Immutable.Map {}}
          updatePlannedPomo={[Function]}
          updateRecurTask={[Function]}
        />
        <Connect(PlanningItem)
          day={1}
          hourblock={5}
          key="1"
          plannedPomo={Immutable.Map {}}
          updatePlannedPomo={[Function]}
          updateRecurTask={[Function]}
        />
        <Connect(PlanningItem)
          day={2}
          hourblock={5}
          key="2"
          plannedPomo={Immutable.Map {}}
          updatePlannedPomo={[Function]}
          updateRecurTask={[Function]}
        />
        <Connect(PlanningItem)
          day={3}
          hourblock={5}
          key="3"
          plannedPomo={Immutable.Map {}}
          updatePlannedPomo={[Function]}
          updateRecurTask={[Function]}
        />
        <Connect(PlanningItem)
          day={4}
          hourblock={5}
          key="4"
          plannedPomo={Immutable.Map {}}
          updatePlannedPomo={[Function]}
          updateRecurTask={[Function]}
        />
        <Connect(PlanningItem)
          day={5}
          hourblock={5}
          key="5"
          plannedPomo={Immutable.Map {}}
          updatePlannedPomo={[Function]}
          updateRecurTask={[Function]}
        />
        <Connect(PlanningItem)
          day={6}
          hourblock={5}
          key="6"
          plannedPomo={Immutable.Map {}}
          updatePlannedPomo={[Function]}
          updateRecurTask={[Function]}
        />
      </span>
      <span
        className="flex-container-row typical-setup border-bottom border-top false"
        key="6"
      >
        <span
          className="width-50"
        >
          03:00
        </span>
        <Connect(PlanningItem)
          day={0}
          hourblock={6}
          key="0"
          plannedPomo={Immutable.Map {}}
          updatePlannedPomo={[Function]}
          updateRecurTask={[Function]}
        />
        <Connect(PlanningItem)
          day={1}
          hourblock={6}
          key="1"
          plannedPomo={Immutable.Map {}}
          updatePlannedPomo={[Function]}
          updateRecurTask={[Function]}
        />
        <Connect(PlanningItem)
          day={2}
          hourblock={6}
          key="2"
          plannedPomo={Immutable.Map {}}
          updatePlannedPomo={[Function]}
          updateRecurTask={[Function]}
        />
        <Connect(PlanningItem)
          day={3}
          hourblock={6}
          key="3"
          plannedPomo={Immutable.Map {}}
          updatePlannedPomo={[Function]}
          updateRecurTask={[Function]}
        />
        <Connect(PlanningItem)
          day={4}
          hourblock={6}
          key="4"
          plannedPomo={Immutable.Map {}}
          updatePlannedPomo={[Function]}
          updateRecurTask={[Function]}
        />
        <Connect(PlanningItem)
          day={5}
          hourblock={6}
          key="5"
          plannedPomo={Immutable.Map {}}
          updatePlannedPomo={[Function]}
          updateRecurTask={[Function]}
        />
        <Connect(PlanningItem)
          day={6}
          hourblock={6}
          key="6"
          plannedPomo={Immutable.Map {}}
          updatePlannedPomo={[Function]}
          updateRecurTask={[Function]}
        />
      </span>
      <span
        className="flex-container-row typical-setup border-bottom false false"
        key="7"
      >
        <span
          className="width-50"
        >
          03:30
        </span>
        <Connect(PlanningItem)
          day={0}
          hourblock={7}
          key="0"
          plannedPomo={Immutable.Map {}}
          updatePlannedPomo={[Function]}
          updateRecurTask={[Function]}
        />
        <Connect(PlanningItem)
          day={1}
          hourblock={7}
          key="1"
          plannedPomo={Immutable.Map {}}
          updatePlannedPomo={[Function]}
          updateRecurTask={[Function]}
        />
        <Connect(PlanningItem)
          day={2}
          hourblock={7}
          key="2"
          plannedPomo={Immutable.Map {}}
          updatePlannedPomo={[Function]}
          updateRecurTask={[Function]}
        />
        <Connect(PlanningItem)
          day={3}
          hourblock={7}
          key="3"
          plannedPomo={Immutable.Map {}}
          updatePlannedPomo={[Function]}
          updateRecurTask={[Function]}
        />
        <Connect(PlanningItem)
          day={4}
          hourblock={7}
          key="4"
          plannedPomo={Immutable.Map {}}
          updatePlannedPomo={[Function]}
          updateRecurTask={[Function]}
        />
        <Connect(PlanningItem)
          day={5}
          hourblock={7}
          key="5"
          plannedPomo={Immutable.Map {}}
          updatePlannedPomo={[Function]}
          updateRecurTask={[Function]}
        />
        <Connect(PlanningItem)
          day={6}
          hourblock={7}
          key="6"
          plannedPomo={Immutable.Map {}}
          updatePlannedPomo={[Function]}
          updateRecurTask={[Function]}
        />
      </span>
      <span
        className="flex-container-row typical-setup border-bottom border-top border-top-white"
        key="8"
      >
        <span
          className="width-50"
        >
          04:00
        </span>
        <Connect(PlanningItem)
          day={0}
          hourblock={8}
          key="0"
          plannedPomo={Immutable.Map {}}
          updatePlannedPomo={[Function]}
          updateRecurTask={[Function]}
        />
        <Connect(PlanningItem)
          day={1}
          hourblock={8}
          key="1"
          plannedPomo={Immutable.Map {}}
          updatePlannedPomo={[Function]}
          updateRecurTask={[Function]}
        />
        <Connect(PlanningItem)
          day={2}
          hourblock={8}
          key="2"
          plannedPomo={Immutable.Map {}}
          updatePlannedPomo={[Function]}
          updateRecurTask={[Function]}
        />
        <Connect(PlanningItem)
          day={3}
          hourblock={8}
          key="3"
          plannedPomo={Immutable.Map {}}
          updatePlannedPomo={[Function]}
          updateRecurTask={[Function]}
        />
        <Connect(PlanningItem)
          day={4}
          hourblock={8}
          key="4"
          plannedPomo={Immutable.Map {}}
          updatePlannedPomo={[Function]}
          updateRecurTask={[Function]}
        />
        <Connect(PlanningItem)
          day={5}
          hourblock={8}
          key="5"
          plannedPomo={Immutable.Map {}}
          updatePlannedPomo={[Function]}
          updateRecurTask={[Function]}
        />
        <Connect(PlanningItem)
          day={6}
          hourblock={8}
          key="6"
          plannedPomo={Immutable.Map {}}
          updatePlannedPomo={[Function]}
          updateRecurTask={[Function]}
        />
      </span>
      <span
        className="flex-container-row typical-setup border-bottom false false"
        key="9"
      >
        <span
          className="width-50"
        >
          04:30
        </span>
        <Connect(PlanningItem)
          day={0}
          hourblock={9}
          key="0"
          plannedPomo={Immutable.Map {}}
          updatePlannedPomo={[Function]}
          updateRecurTask={[Function]}
        />
        <Connect(PlanningItem)
          day={1}
          hourblock={9}
          key="1"
          plannedPomo={Immutable.Map {}}
          updatePlannedPomo={[Function]}
          updateRecurTask={[Function]}
        />
        <Connect(PlanningItem)
          day={2}
          hourblock={9}
          key="2"
          plannedPomo={Immutable.Map {}}
          updatePlannedPomo={[Function]}
          updateRecurTask={[Function]}
        />
        <Connect(PlanningItem)
          day={3}
          hourblock={9}
          key="3"
          plannedPomo={Immutable.Map {}}
          updatePlannedPomo={[Function]}
          updateRecurTask={[Function]}
        />
        <Connect(PlanningItem)
          day={4}
          hourblock={9}
          key="4"
          plannedPomo={Immutable.Map {}}
          updatePlannedPomo={[Function]}
          updateRecurTask={[Function]}
        />
        <Connect(PlanningItem)
          day={5}
          hourblock={9}
          key="5"
          plannedPomo={Immutable.Map {}}
          updatePlannedPomo={[Function]}
          updateRecurTask={[Function]}
        />
        <Connect(PlanningItem)
          day={6}
          hourblock={9}
          key="6"
          plannedPomo={Immutable.Map {}}
          updatePlannedPomo={[Function]}
          updateRecurTask={[Function]}
        />
      </span>
      <span
        className="flex-container-row typical-setup border-bottom border-top false"
        key="10"
      >
        <span
          className="width-50"
        >
          05:00
        </span>
        <Connect(PlanningItem)
          day={0}
          hourblock={10}
          key="0"
          plannedPomo={Immutable.Map {}}
          updatePlannedPomo={[Function]}
          updateRecurTask={[Function]}
        />
        <Connect(PlanningItem)
          day={1}
          hourblock={10}
          key="1"
          plannedPomo={Immutable.Map {}}
          updatePlannedPomo={[Function]}
          updateRecurTask={[Function]}
        />
        <Connect(PlanningItem)
          day={2}
          hourblock={10}
          key="2"
          plannedPomo={Immutable.Map {}}
          updatePlannedPomo={[Function]}
          updateRecurTask={[Function]}
        />
        <Connect(PlanningItem)
          day={3}
          hourblock={10}
          key="3"
          plannedPomo={Immutable.Map {}}
          updatePlannedPomo={[Function]}
          updateRecurTask={[Function]}
        />
        <Connect(PlanningItem)
          day={4}
          hourblock={10}
          key="4"
          plannedPomo={Immutable.Map {}}
          updatePlannedPomo={[Function]}
          updateRecurTask={[Function]}
        />
        <Connect(PlanningItem)
          day={5}
          hourblock={10}
          key="5"
          plannedPomo={Immutable.Map {}}
          updatePlannedPomo={[Function]}
          updateRecurTask={[Function]}
        />
        <Connect(PlanningItem)
          day={6}
          hourblock={10}
          key="6"
          plannedPomo={Immutable.Map {}}
          updatePlannedPomo={[Function]}
          updateRecurTask={[Function]}
        />
      </span>
      <span
        className="flex-container-row typical-setup border-bottom false false"
        key="11"
      >
        <span
          className="width-50"
        >
          05:30
        </span>
        <Connect(PlanningItem)
          day={0}
          hourblock={11}
          key="0"
          plannedPomo={Immutable.Map {}}
          updatePlannedPomo={[Function]}
          updateRecurTask={[Function]}
        />
        <Connect(PlanningItem)
          day={1}
          hourblock={11}
          key="1"
          plannedPomo={Immutable.Map {}}
          updatePlannedPomo={[Function]}
          updateRecurTask={[Function]}
        />
        <Connect(PlanningItem)
          day={2}
          hourblock={11}
          key="2"
          plannedPomo={Immutable.Map {}}
          updatePlannedPomo={[Function]}
          updateRecurTask={[Function]}
        />
        <Connect(PlanningItem)
          day={3}
          hourblock={11}
          key="3"
          plannedPomo={Immutable.Map {}}
          updatePlannedPomo={[Function]}
          updateRecurTask={[Function]}
        />
        <Connect(PlanningItem)
          day={4}
          hourblock={11}
          key="4"
          plannedPomo={Immutable.Map {}}
          updatePlannedPomo={[Function]}
          updateRecurTask={[Function]}
        />
        <Connect(PlanningItem)
          day={5}
          hourblock={11}
          key="5"
          plannedPomo={Immutable.Map {}}
          updatePlannedPomo={[Function]}
          updateRecurTask={[Function]}
        />
        <Connect(PlanningItem)
          day={6}
          hourblock={11}
          key="6"
          plannedPomo={Immutable.Map {}}
          updatePlannedPomo={[Function]}
          updateRecurTask={[Function]}
        />
      </span>
      <span
        className="flex-container-row typical-setup border-bottom border-top border-top-white"
        key="12"
      >
        <span
          className="width-50"
        >
          06:00
        </span>
        <Connect(PlanningItem)
          day={0}
          hourblock={12}
          key="0"
          plannedPomo={Immutable.Map {}}
          updatePlannedPomo={[Function]}
          updateRecurTask={[Function]}
        />
        <Connect(PlanningItem)
          day={1}
          hourblock={12}
          key="1"
          plannedPomo={Immutable.Map {}}
          updatePlannedPomo={[Function]}
          updateRecurTask={[Function]}
        />
        <Connect(PlanningItem)
          day={2}
          hourblock={12}
          key="2"
          plannedPomo={Immutable.Map {}}
          updatePlannedPomo={[Function]}
          updateRecurTask={[Function]}
        />
        <Connect(PlanningItem)
          day={3}
          hourblock={12}
          key="3"
          plannedPomo={Immutable.Map {}}
          updatePlannedPomo={[Function]}
          updateRecurTask={[Function]}
        />
        <Connect(PlanningItem)
          day={4}
          hourblock={12}
          key="4"
          plannedPomo={Immutable.Map {}}
          updatePlannedPomo={[Function]}
          updateRecurTask={[Function]}
        />
        <Connect(PlanningItem)
          day={5}
          hourblock={12}
          key="5"
          plannedPomo={Immutable.Map {}}
          updatePlannedPomo={[Function]}
          updateRecurTask={[Function]}
        />
        <Connect(PlanningItem)
          day={6}
          hourblock={12}
          key="6"
          plannedPomo={Immutable.Map {}}
          updatePlannedPomo={[Function]}
          updateRecurTask={[Function]}
        />
      </span>
      <span
        className="flex-container-row typical-setup border-bottom false false"
        key="13"
      >
        <span
          className="width-50"
        >
          06:30
        </span>
        <Connect(PlanningItem)
          day={0}
          hourblock={13}
          key="0"
          plannedPomo={Immutable.Map {}}
          updatePlannedPomo={[Function]}
          updateRecurTask={[Function]}
        />
        <Connect(PlanningItem)
          day={1}
          hourblock={13}
          key="1"
          plannedPomo={Immutable.Map {}}
          updatePlannedPomo={[Function]}
          updateRecurTask={[Function]}
        />
        <Connect(PlanningItem)
          day={2}
          hourblock={13}
          key="2"
          plannedPomo={Immutable.Map {}}
          updatePlannedPomo={[Function]}
          updateRecurTask={[Function]}
        />
        <Connect(PlanningItem)
          day={3}
          hourblock={13}
          key="3"
          plannedPomo={Immutable.Map {}}
          updatePlannedPomo={[Function]}
          updateRecurTask={[Function]}
        />
        <Connect(PlanningItem)
          day={4}
          hourblock={13}
          key="4"
          plannedPomo={Immutable.Map {}}
          updatePlannedPomo={[Function]}
          updateRecurTask={[Function]}
        />
        <Connect(PlanningItem)
          day={5}
          hourblock={13}
          key="5"
          plannedPomo={Immutable.Map {}}
          updatePlannedPomo={[Function]}
          updateRecurTask={[Function]}
        />
        <Connect(PlanningItem)
          day={6}
          hourblock={13}
          key="6"
          plannedPomo={Immutable.Map {}}
          updatePlannedPomo={[Function]}
          updateRecurTask={[Function]}
        />
      </span>
      <span
        className="flex-container-row typical-setup border-bottom border-top false"
        key="14"
      >
        <span
          className="width-50"
        >
          07:00
        </span>
        <Connect(PlanningItem)
          day={0}
          hourblock={14}
          key="0"
          plannedPomo={Immutable.Map {}}
          updatePlannedPomo={[Function]}
          updateRecurTask={[Function]}
        />
        <Connect(PlanningItem)
          day={1}
          hourblock={14}
          key="1"
          plannedPomo={Immutable.Map {}}
          updatePlannedPomo={[Function]}
          updateRecurTask={[Function]}
        />
        <Connect(PlanningItem)
          day={2}
          hourblock={14}
          key="2"
          plannedPomo={Immutable.Map {}}
          updatePlannedPomo={[Function]}
          updateRecurTask={[Function]}
        />
        <Connect(PlanningItem)
          day={3}
          hourblock={14}
          key="3"
          plannedPomo={Immutable.Map {}}
          updatePlannedPomo={[Function]}
          updateRecurTask={[Function]}
        />
        <Connect(PlanningItem)
          day={4}
          hourblock={14}
          key="4"
          plannedPomo={Immutable.Map {}}
          updatePlannedPomo={[Function]}
          updateRecurTask={[Function]}
        />
        <Connect(PlanningItem)
          day={5}
          hourblock={14}
          key="5"
          plannedPomo={Immutable.Map {}}
          updatePlannedPomo={[Function]}
          updateRecurTask={[Function]}
        />
        <Connect(PlanningItem)
          day={6}
          hourblock={14}
          key="6"
          plannedPomo={Immutable.Map {}}
          updatePlannedPomo={[Function]}
          updateRecurTask={[Function]}
        />
      </span>
      <span
        className="flex-container-row typical-setup border-bottom false false"
        key="15"
      >
        <span
          className="width-50"
        >
          07:30
        </span>
        <Connect(PlanningItem)
          day={0}
          hourblock={15}
          key="0"
          plannedPomo={Immutable.Map {}}
          updatePlannedPomo={[Function]}
          updateRecurTask={[Function]}
        />
        <Connect(PlanningItem)
          day={1}
          hourblock={15}
          key="1"
          plannedPomo={Immutable.Map {}}
          updatePlannedPomo={[Function]}
          updateRecurTask={[Function]}
        />
        <Connect(PlanningItem)
          day={2}
          hourblock={15}
          key="2"
          plannedPomo={Immutable.Map {}}
          updatePlannedPomo={[Function]}
          updateRecurTask={[Function]}
        />
        <Connect(PlanningItem)
          day={3}
          hourblock={15}
          key="3"
          plannedPomo={Immutable.Map {}}
          updatePlannedPomo={[Function]}
          updateRecurTask={[Function]}
        />
        <Connect(PlanningItem)
          day={4}
          hourblock={15}
          key="4"
          plannedPomo={Immutable.Map {}}
          updatePlannedPomo={[Function]}
          updateRecurTask={[Function]}
        />
        <Connect(PlanningItem)
          day={5}
          hourblock={15}
          key="5"
          plannedPomo={Immutable.Map {}}
          updatePlannedPomo={[Function]}
          updateRecurTask={[Function]}
        />
        <Connect(PlanningItem)
          day={6}
          hourblock={15}
          key="6"
          plannedPomo={Immutable.Map {}}
          updatePlannedPomo={[Function]}
          updateRecurTask={[Function]}
        />
      </span>
      <span
        className="flex-container-row typical-setup border-bottom border-top border-top-white"
        key="16"
      >
        <span
          className="width-50"
        >
          08:00
        </span>
        <Connect(PlanningItem)
          day={0}
          hourblock={16}
          key="0"
          plannedPomo={Immutable.Map {}}
          updatePlannedPomo={[Function]}
          updateRecurTask={[Function]}
        />
        <Connect(PlanningItem)
          day={1}
          hourblock={16}
          key="1"
          plannedPomo={Immutable.Map {}}
          updatePlannedPomo={[Function]}
          updateRecurTask={[Function]}
        />
        <Connect(PlanningItem)
          day={2}
          hourblock={16}
          key="2"
          plannedPomo={Immutable.Map {}}
          updatePlannedPomo={[Function]}
          updateRecurTask={[Function]}
        />
        <Connect(PlanningItem)
          day={3}
          hourblock={16}
          key="3"
          plannedPomo={Immutable.Map {}}
          updatePlannedPomo={[Function]}
          updateRecurTask={[Function]}
        />
        <Connect(PlanningItem)
          day={4}
          hourblock={16}
          key="4"
          plannedPomo={Immutable.Map {}}
          updatePlannedPomo={[Function]}
          updateRecurTask={[Function]}
        />
        <Connect(PlanningItem)
          day={5}
          hourblock={16}
          key="5"
          plannedPomo={Immutable.Map {}}
          updatePlannedPomo={[Function]}
          updateRecurTask={[Function]}
        />
        <Connect(PlanningItem)
          day={6}
          hourblock={16}
          key="6"
          plannedPomo={Immutable.Map {}}
          updatePlannedPomo={[Function]}
          updateRecurTask={[Function]}
        />
      </span>
      <span
        className="flex-container-row typical-setup border-bottom false false"
        key="17"
      >
        <span
          className="width-50"
        >
          08:30
        </span>
        <Connect(PlanningItem)
          day={0}
          hourblock={17}
          key="0"
          plannedPomo={Immutable.Map {}}
          updatePlannedPomo={[Function]}
          updateRecurTask={[Function]}
        />
        <Connect(PlanningItem)
          day={1}
          hourblock={17}
          key="1"
          plannedPomo={Immutable.Map {}}
          updatePlannedPomo={[Function]}
          updateRecurTask={[Function]}
        />
        <Connect(PlanningItem)
          day={2}
          hourblock={17}
          key="2"
          plannedPomo={Immutable.Map {}}
          updatePlannedPomo={[Function]}
          updateRecurTask={[Function]}
        />
        <Connect(PlanningItem)
          day={3}
          hourblock={17}
          key="3"
          plannedPomo={Immutable.Map {}}
          updatePlannedPomo={[Function]}
          updateRecurTask={[Function]}
        />
        <Connect(PlanningItem)
          day={4}
          hourblock={17}
          key="4"
          plannedPomo={Immutable.Map {}}
          updatePlannedPomo={[Function]}
          updateRecurTask={[Function]}
        />
        <Connect(PlanningItem)
          day={5}
          hourblock={17}
          key="5"
          plannedPomo={Immutable.Map {}}
          updatePlannedPomo={[Function]}
          updateRecurTask={[Function]}
        />
        <Connect(PlanningItem)
          day={6}
          hourblock={17}
          key="6"
          plannedPomo={Immutable.Map {}}
          updatePlannedPomo={[Function]}
          updateRecurTask={[Function]}
        />
      </span>
      <span
        className="flex-container-row typical-setup border-bottom border-top false"
        key="18"
      >
        <span
          className="width-50"
        >
          09:00
        </span>
        <Connect(PlanningItem)
          day={0}
          hourblock={18}
          key="0"
          plannedPomo={Immutable.Map {}}
          updatePlannedPomo={[Function]}
          updateRecurTask={[Function]}
        />
        <Connect(PlanningItem)
          day={1}
          hourblock={18}
          key="1"
          plannedPomo={Immutable.Map {}}
          updatePlannedPomo={[Function]}
          updateRecurTask={[Function]}
        />
        <Connect(PlanningItem)
          day={2}
          hourblock={18}
          key="2"
          plannedPomo={Immutable.Map {}}
          updatePlannedPomo={[Function]}
          updateRecurTask={[Function]}
        />
        <Connect(PlanningItem)
          day={3}
          hourblock={18}
          key="3"
          plannedPomo={Immutable.Map {}}
          updatePlannedPomo={[Function]}
          updateRecurTask={[Function]}
        />
        <Connect(PlanningItem)
          day={4}
          hourblock={18}
          key="4"
          plannedPomo={Immutable.Map {}}
          updatePlannedPomo={[Function]}
          updateRecurTask={[Function]}
        />
        <Connect(PlanningItem)
          day={5}
          hourblock={18}
          key="5"
          plannedPomo={Immutable.Map {}}
          updatePlannedPomo={[Function]}
          updateRecurTask={[Function]}
        />
        <Connect(PlanningItem)
          day={6}
          hourblock={18}
          key="6"
          plannedPomo={Immutable.Map {}}
          updatePlannedPomo={[Function]}
          updateRecurTask={[Function]}
        />
      </span>
      <span
        className="flex-container-row typical-setup border-bottom false false"
        key="19"
      >
        <span
          className="width-50"
        >
          09:30
        </span>
        <Connect(PlanningItem)
          day={0}
          hourblock={19}
          key="0"
          plannedPomo={Immutable.Map {}}
          updatePlannedPomo={[Function]}
          updateRecurTask={[Function]}
        />
        <Connect(PlanningItem)
          day={1}
          hourblock={19}
          key="1"
          plannedPomo={Immutable.Map {}}
          updatePlannedPomo={[Function]}
          updateRecurTask={[Function]}
        />
        <Connect(PlanningItem)
          day={2}
          hourblock={19}
          key="2"
          plannedPomo={Immutable.Map {}}
          updatePlannedPomo={[Function]}
          updateRecurTask={[Function]}
        />
        <Connect(PlanningItem)
          day={3}
          hourblock={19}
          key="3"
          plannedPomo={Immutable.Map {}}
          updatePlannedPomo={[Function]}
          updateRecurTask={[Function]}
        />
        <Connect(PlanningItem)
          day={4}
          hourblock={19}
          key="4"
          plannedPomo={Immutable.Map {}}
          updatePlannedPomo={[Function]}
          updateRecurTask={[Function]}
        />
        <Connect(PlanningItem)
          day={5}
          hourblock={19}
          key="5"
          plannedPomo={Immutable.Map {}}
          updatePlannedPomo={[Function]}
          updateRecurTask={[Function]}
        />
        <Connect(PlanningItem)
          day={6}
          hourblock={19}
          key="6"
          plannedPomo={Immutable.Map {}}
          updatePlannedPomo={[Function]}
          updateRecurTask={[Function]}
        />
      </span>
      <span
        className="flex-container-row typical-setup border-bottom border-top border-top-white"
        key="20"
      >
        <span
          className="width-50"
        >
          10:00
        </span>
        <Connect(PlanningItem)
          day={0}
          hourblock={20}
          key="0"
          plannedPomo={Immutable.Map {}}
          updatePlannedPomo={[Function]}
          updateRecurTask={[Function]}
        />
        <Connect(PlanningItem)
          day={1}
          hourblock={20}
          key="1"
          plannedPomo={Immutable.Map {}}
          updatePlannedPomo={[Function]}
          updateRecurTask={[Function]}
        />
        <Connect(PlanningItem)
          day={2}
          hourblock={20}
          key="2"
          plannedPomo={Immutable.Map {}}
          updatePlannedPomo={[Function]}
          updateRecurTask={[Function]}
        />
        <Connect(PlanningItem)
          day={3}
          hourblock={20}
          key="3"
          plannedPomo={Immutable.Map {}}
          updatePlannedPomo={[Function]}
          updateRecurTask={[Function]}
        />
        <Connect(PlanningItem)
          day={4}
          hourblock={20}
          key="4"
          plannedPomo={Immutable.Map {}}
          updatePlannedPomo={[Function]}
          updateRecurTask={[Function]}
        />
        <Connect(PlanningItem)
          day={5}
          hourblock={20}
          key="5"
          plannedPomo={Immutable.Map {}}
          updatePlannedPomo={[Function]}
          updateRecurTask={[Function]}
        />
        <Connect(PlanningItem)
          day={6}
          hourblock={20}
          key="6"
          plannedPomo={Immutable.Map {}}
          updatePlannedPomo={[Function]}
          updateRecurTask={[Function]}
        />
      </span>
      <span
        className="flex-container-row typical-setup border-bottom false false"
        key="21"
      >
        <span
          className="width-50"
        >
          10:30
        </span>
        <Connect(PlanningItem)
          day={0}
          hourblock={21}
          key="0"
          plannedPomo={Immutable.Map {}}
          updatePlannedPomo={[Function]}
          updateRecurTask={[Function]}
        />
        <Connect(PlanningItem)
          day={1}
          hourblock={21}
          key="1"
          plannedPomo={Immutable.Map {}}
          updatePlannedPomo={[Function]}
          updateRecurTask={[Function]}
        />
        <Connect(PlanningItem)
          day={2}
          hourblock={21}
          key="2"
          plannedPomo={Immutable.Map {}}
          updatePlannedPomo={[Function]}
          updateRecurTask={[Function]}
        />
        <Connect(PlanningItem)
          day={3}
          hourblock={21}
          key="3"
          plannedPomo={Immutable.Map {}}
          updatePlannedPomo={[Function]}
          updateRecurTask={[Function]}
        />
        <Connect(PlanningItem)
          day={4}
          hourblock={21}
          key="4"
          plannedPomo={Immutable.Map {}}
          updatePlannedPomo={[Function]}
          updateRecurTask={[Function]}
        />
        <Connect(PlanningItem)
          day={5}
          hourblock={21}
          key="5"
          plannedPomo={Immutable.Map {}}
          updatePlannedPomo={[Function]}
          updateRecurTask={[Function]}
        />
        <Connect(PlanningItem)
          day={6}
          hourblock={21}
          key="6"
          plannedPomo={Immutable.Map {}}
          updatePlannedPomo={[Function]}
          updateRecurTask={[Function]}
        />
      </span>
      <span
        className="flex-container-row typical-setup border-bottom border-top false"
        key="22"
      >
        <span
          className="width-50"
        >
          11:00
        </span>
        <Connect(PlanningItem)
          day={0}
          hourblock={22}
          key="0"
          plannedPomo={Immutable.Map {}}
          updatePlannedPomo={[Function]}
          updateRecurTask={[Function]}
        />
        <Connect(PlanningItem)
          day={1}
          hourblock={22}
          key="1"
          plannedPomo={Immutable.Map {}}
          updatePlannedPomo={[Function]}
          updateRecurTask={[Function]}
        />
        <Connect(PlanningItem)
          day={2}
          hourblock={22}
          key="2"
          plannedPomo={Immutable.Map {}}
          updatePlannedPomo={[Function]}
          updateRecurTask={[Function]}
        />
        <Connect(PlanningItem)
          day={3}
          hourblock={22}
          key="3"
          plannedPomo={Immutable.Map {}}
          updatePlannedPomo={[Function]}
          updateRecurTask={[Function]}
        />
        <Connect(PlanningItem)
          day={4}
          hourblock={22}
          key="4"
          plannedPomo={Immutable.Map {}}
          updatePlannedPomo={[Function]}
          updateRecurTask={[Function]}
        />
        <Connect(PlanningItem)
          day={5}
          hourblock={22}
          key="5"
          plannedPomo={Immutable.Map {}}
          updatePlannedPomo={[Function]}
          updateRecurTask={[Function]}
        />
        <Connect(PlanningItem)
          day={6}
          hourblock={22}
          key="6"
          plannedPomo={Immutable.Map {}}
          updatePlannedPomo={[Function]}
          updateRecurTask={[Function]}
        />
      </span>
      <span
        className="flex-container-row typical-setup border-bottom false false"
        key="23"
      >
        <span
          className="width-50"
        >
          11:30
        </span>
        <Connect(PlanningItem)
          day={0}
          hourblock={23}
          key="0"
          plannedPomo={Immutable.Map {}}
          updatePlannedPomo={[Function]}
          updateRecurTask={[Function]}
        />
        <Connect(PlanningItem)
          day={1}
          hourblock={23}
          key="1"
          plannedPomo={Immutable.Map {}}
          updatePlannedPomo={[Function]}
          updateRecurTask={[Function]}
        />
        <Connect(PlanningItem)
          day={2}
          hourblock={23}
          key="2"
          plannedPomo={Immutable.Map {}}
          updatePlannedPomo={[Function]}
          updateRecurTask={[Function]}
        />
        <Connect(PlanningItem)
          day={3}
          hourblock={23}
          key="3"
          plannedPomo={Immutable.Map {}}
          updatePlannedPomo={[Function]}
          updateRecurTask={[Function]}
        />
        <Connect(PlanningItem)
          day={4}
          hourblock={23}
          key="4"
          plannedPomo={Immutable.Map {}}
          updatePlannedPomo={[Function]}
          updateRecurTask={[Function]}
        />
        <Connect(PlanningItem)
          day={5}
          hourblock={23}
          key="5"
          plannedPomo={Immutable.Map {}}
          updatePlannedPomo={[Function]}
          updateRecurTask={[Function]}
        />
        <Connect(PlanningItem)
          day={6}
          hourblock={23}
          key="6"
          plannedPomo={Immutable.Map {}}
          updatePlannedPomo={[Function]}
          updateRecurTask={[Function]}
        />
      </span>
      <span
        className="flex-container-row typical-setup border-bottom border-top border-top-white"
        key="24"
      >
        <span
          className="width-50"
        >
          12:00
        </span>
        <Connect(PlanningItem)
          day={0}
          hourblock={24}
          key="0"
          plannedPomo={Immutable.Map {}}
          updatePlannedPomo={[Function]}
          updateRecurTask={[Function]}
        />
        <Connect(PlanningItem)
          day={1}
          hourblock={24}
          key="1"
          plannedPomo={Immutable.Map {}}
          updatePlannedPomo={[Function]}
          updateRecurTask={[Function]}
        />
        <Connect(PlanningItem)
          day={2}
          hourblock={24}
          key="2"
          plannedPomo={Immutable.Map {}}
          updatePlannedPomo={[Function]}
          updateRecurTask={[Function]}
        />
        <Connect(PlanningItem)
          day={3}
          hourblock={24}
          key="3"
          plannedPomo={Immutable.Map {}}
          updatePlannedPomo={[Function]}
          updateRecurTask={[Function]}
        />
        <Connect(PlanningItem)
          day={4}
          hourblock={24}
          key="4"
          plannedPomo={Immutable.Map {}}
          updatePlannedPomo={[Function]}
          updateRecurTask={[Function]}
        />
        <Connect(PlanningItem)
          day={5}
          hourblock={24}
          key="5"
          plannedPomo={Immutable.Map {}}
          updatePlannedPomo={[Function]}
          updateRecurTask={[Function]}
        />
        <Connect(PlanningItem)
          day={6}
          hourblock={24}
          key="6"
          plannedPomo={Immutable.Map {}}
          updatePlannedPomo={[Function]}
          updateRecurTask={[Function]}
        />
      </span>
      <span
        className="flex-container-row typical-setup border-bottom false false"
        key="25"
      >
        <span
          className="width-50"
        >
          12:30
        </span>
        <Connect(PlanningItem)
          day={0}
          hourblock={25}
          key="0"
          plannedPomo={Immutable.Map {}}
          updatePlannedPomo={[Function]}
          updateRecurTask={[Function]}
        />
        <Connect(PlanningItem)
          day={1}
          hourblock={25}
          key="1"
          plannedPomo={Immutable.Map {}}
          updatePlannedPomo={[Function]}
          updateRecurTask={[Function]}
        />
        <Connect(PlanningItem)
          day={2}
          hourblock={25}
          key="2"
          plannedPomo={Immutable.Map {}}
          updatePlannedPomo={[Function]}
          updateRecurTask={[Function]}
        />
        <Connect(PlanningItem)
          day={3}
          hourblock={25}
          key="3"
          plannedPomo={Immutable.Map {}}
          updatePlannedPomo={[Function]}
          updateRecurTask={[Function]}
        />
        <Connect(PlanningItem)
          day={4}
          hourblock={25}
          key="4"
          plannedPomo={Immutable.Map {}}
          updatePlannedPomo={[Function]}
          updateRecurTask={[Function]}
        />
        <Connect(PlanningItem)
          day={5}
          hourblock={25}
          key="5"
          plannedPomo={Immutable.Map {}}
          updatePlannedPomo={[Function]}
          updateRecurTask={[Function]}
        />
        <Connect(PlanningItem)
          day={6}
          hourblock={25}
          key="6"
          plannedPomo={Immutable.Map {}}
          updatePlannedPomo={[Function]}
          updateRecurTask={[Function]}
        />
      </span>
      <span
        className="flex-container-row typical-setup border-bottom border-top false"
        key="26"
      >
        <span
          className="width-50"
        >
          13:00
        </span>
        <Connect(PlanningItem)
          day={0}
          hourblock={26}
          key="0"
          plannedPomo={Immutable.Map {}}
          updatePlannedPomo={[Function]}
          updateRecurTask={[Function]}
        />
        <Connect(PlanningItem)
          day={1}
          hourblock={26}
          key="1"
          plannedPomo={Immutable.Map {}}
          updatePlannedPomo={[Function]}
          updateRecurTask={[Function]}
        />
        <Connect(PlanningItem)
          day={2}
          hourblock={26}
          key="2"
          plannedPomo={Immutable.Map {}}
          updatePlannedPomo={[Function]}
          updateRecurTask={[Function]}
        />
        <Connect(PlanningItem)
          day={3}
          hourblock={26}
          key="3"
          plannedPomo={Immutable.Map {}}
          updatePlannedPomo={[Function]}
          updateRecurTask={[Function]}
        />
        <Connect(PlanningItem)
          day={4}
          hourblock={26}
          key="4"
          plannedPomo={Immutable.Map {}}
          updatePlannedPomo={[Function]}
          updateRecurTask={[Function]}
        />
        <Connect(PlanningItem)
          day={5}
          hourblock={26}
          key="5"
          plannedPomo={Immutable.Map {}}
          updatePlannedPomo={[Function]}
          updateRecurTask={[Function]}
        />
        <Connect(PlanningItem)
          day={6}
          hourblock={26}
          key="6"
          plannedPomo={Immutable.Map {}}
          updatePlannedPomo={[Function]}
          updateRecurTask={[Function]}
        />
      </span>
      <span
        className="flex-container-row typical-setup border-bottom false false"
        key="27"
      >
        <span
          className="width-50"
        >
          13:30
        </span>
        <Connect(PlanningItem)
          day={0}
          hourblock={27}
          key="0"
          plannedPomo={Immutable.Map {}}
          updatePlannedPomo={[Function]}
          updateRecurTask={[Function]}
        />
        <Connect(PlanningItem)
          day={1}
          hourblock={27}
          key="1"
          plannedPomo={Immutable.Map {}}
          updatePlannedPomo={[Function]}
          updateRecurTask={[Function]}
        />
        <Connect(PlanningItem)
          day={2}
          hourblock={27}
          key="2"
          plannedPomo={Immutable.Map {}}
          updatePlannedPomo={[Function]}
          updateRecurTask={[Function]}
        />
        <Connect(PlanningItem)
          day={3}
          hourblock={27}
          key="3"
          plannedPomo={Immutable.Map {}}
          updatePlannedPomo={[Function]}
          updateRecurTask={[Function]}
        />
        <Connect(PlanningItem)
          day={4}
          hourblock={27}
          key="4"
          plannedPomo={Immutable.Map {}}
          updatePlannedPomo={[Function]}
          updateRecurTask={[Function]}
        />
        <Connect(PlanningItem)
          day={5}
          hourblock={27}
          key="5"
          plannedPomo={Immutable.Map {}}
          updatePlannedPomo={[Function]}
          updateRecurTask={[Function]}
        />
        <Connect(PlanningItem)
          day={6}
          hourblock={27}
          key="6"
          plannedPomo={Immutable.Map {}}
          updatePlannedPomo={[Function]}
          updateRecurTask={[Function]}
        />
      </span>
      <span
        className="flex-container-row typical-setup border-bottom border-top border-top-white"
        key="28"
      >
        <span
          className="width-50"
        >
          14:00
        </span>
        <Connect(PlanningItem)
          day={0}
          hourblock={28}
          key="0"
          plannedPomo={Immutable.Map {}}
          updatePlannedPomo={[Function]}
          updateRecurTask={[Function]}
        />
        <Connect(PlanningItem)
          day={1}
          hourblock={28}
          key="1"
          plannedPomo={Immutable.Map {}}
          updatePlannedPomo={[Function]}
          updateRecurTask={[Function]}
        />
        <Connect(PlanningItem)
          day={2}
          hourblock={28}
          key="2"
          plannedPomo={Immutable.Map {}}
          updatePlannedPomo={[Function]}
          updateRecurTask={[Function]}
        />
        <Connect(PlanningItem)
          day={3}
          hourblock={28}
          key="3"
          plannedPomo={Immutable.Map {}}
          updatePlannedPomo={[Function]}
          updateRecurTask={[Function]}
        />
        <Connect(PlanningItem)
          day={4}
          hourblock={28}
          key="4"
          plannedPomo={Immutable.Map {}}
          updatePlannedPomo={[Function]}
          updateRecurTask={[Function]}
        />
        <Connect(PlanningItem)
          day={5}
          hourblock={28}
          key="5"
          plannedPomo={Immutable.Map {}}
          updatePlannedPomo={[Function]}
          updateRecurTask={[Function]}
        />
        <Connect(PlanningItem)
          day={6}
          hourblock={28}
          key="6"
          plannedPomo={Immutable.Map {}}
          updatePlannedPomo={[Function]}
          updateRecurTask={[Function]}
        />
      </span>
      <span
        className="flex-container-row typical-setup border-bottom false false"
        key="29"
      >
        <span
          className="width-50"
        >
          14:30
        </span>
        <Connect(PlanningItem)
          day={0}
          hourblock={29}
          key="0"
          plannedPomo={Immutable.Map {}}
          updatePlannedPomo={[Function]}
          updateRecurTask={[Function]}
        />
        <Connect(PlanningItem)
          day={1}
          hourblock={29}
          key="1"
          plannedPomo={Immutable.Map {}}
          updatePlannedPomo={[Function]}
          updateRecurTask={[Function]}
        />
        <Connect(PlanningItem)
          day={2}
          hourblock={29}
          key="2"
          plannedPomo={Immutable.Map {}}
          updatePlannedPomo={[Function]}
          updateRecurTask={[Function]}
        />
        <Connect(PlanningItem)
          day={3}
          hourblock={29}
          key="3"
          plannedPomo={Immutable.Map {}}
          updatePlannedPomo={[Function]}
          updateRecurTask={[Function]}
        />
        <Connect(PlanningItem)
          day={4}
          hourblock={29}
          key="4"
          plannedPomo={Immutable.Map {}}
          updatePlannedPomo={[Function]}
          updateRecurTask={[Function]}
        />
        <Connect(PlanningItem)
          day={5}
          hourblock={29}
          key="5"
          plannedPomo={Immutable.Map {}}
          updatePlannedPomo={[Function]}
          updateRecurTask={[Function]}
        />
        <Connect(PlanningItem)
          day={6}
          hourblock={29}
          key="6"
          plannedPomo={Immutable.Map {}}
          updatePlannedPomo={[Function]}
          updateRecurTask={[Function]}
        />
      </span>
      <span
        className="flex-container-row typical-setup border-bottom border-top false"
        key="30"
      >
        <span
          className="width-50"
        >
          15:00
        </span>
        <Connect(PlanningItem)
          day={0}
          hourblock={30}
          key="0"
          plannedPomo={Immutable.Map {}}
          updatePlannedPomo={[Function]}
          updateRecurTask={[Function]}
        />
        <Connect(PlanningItem)
          day={1}
          hourblock={30}
          key="1"
          plannedPomo={Immutable.Map {}}
          updatePlannedPomo={[Function]}
          updateRecurTask={[Function]}
        />
        <Connect(PlanningItem)
          day={2}
          hourblock={30}
          key="2"
          plannedPomo={Immutable.Map {}}
          updatePlannedPomo={[Function]}
          updateRecurTask={[Function]}
        />
        <Connect(PlanningItem)
          day={3}
          hourblock={30}
          key="3"
          plannedPomo={Immutable.Map {}}
          updatePlannedPomo={[Function]}
          updateRecurTask={[Function]}
        />
        <Connect(PlanningItem)
          day={4}
          hourblock={30}
          key="4"
          plannedPomo={Immutable.Map {}}
          updatePlannedPomo={[Function]}
          updateRecurTask={[Function]}
        />
        <Connect(PlanningItem)
          day={5}
          hourblock={30}
          key="5"
          plannedPomo={Immutable.Map {}}
          updatePlannedPomo={[Function]}
          updateRecurTask={[Function]}
        />
        <Connect(PlanningItem)
          day={6}
          hourblock={30}
          key="6"
          plannedPomo={Immutable.Map {}}
          updatePlannedPomo={[Function]}
          updateRecurTask={[Function]}
        />
      </span>
      <span
        className="flex-container-row typical-setup border-bottom false false"
        key="31"
      >
        <span
          className="width-50"
        >
          15:30
        </span>
        <Connect(PlanningItem)
          day={0}
          hourblock={31}
          key="0"
          plannedPomo={Immutable.Map {}}
          updatePlannedPomo={[Function]}
          updateRecurTask={[Function]}
        />
        <Connect(PlanningItem)
          day={1}
          hourblock={31}
          key="1"
          plannedPomo={Immutable.Map {}}
          updatePlannedPomo={[Function]}
          updateRecurTask={[Function]}
        />
        <Connect(PlanningItem)
          day={2}
          hourblock={31}
          key="2"
          plannedPomo={Immutable.Map {}}
          updatePlannedPomo={[Function]}
          updateRecurTask={[Function]}
        />
        <Connect(PlanningItem)
          day={3}
          hourblock={31}
          key="3"
          plannedPomo={Immutable.Map {}}
          updatePlannedPomo={[Function]}
          updateRecurTask={[Function]}
        />
        <Connect(PlanningItem)
          day={4}
          hourblock={31}
          key="4"
          plannedPomo={Immutable.Map {}}
          updatePlannedPomo={[Function]}
          updateRecurTask={[Function]}
        />
        <Connect(PlanningItem)
          day={5}
          hourblock={31}
          key="5"
          plannedPomo={Immutable.Map {}}
          updatePlannedPomo={[Function]}
          updateRecurTask={[Function]}
        />
        <Connect(PlanningItem)
          day={6}
          hourblock={31}
          key="6"
          plannedPomo={Immutable.Map {}}
          updatePlannedPomo={[Function]}
          updateRecurTask={[Function]}
        />
      </span>
      <span
        className="flex-container-row typical-setup border-bottom border-top border-top-white"
        key="32"
      >
        <span
          className="width-50"
        >
          16:00
        </span>
        <Connect(PlanningItem)
          day={0}
          hourblock={32}
          key="0"
          plannedPomo={Immutable.Map {}}
          updatePlannedPomo={[Function]}
          updateRecurTask={[Function]}
        />
        <Connect(PlanningItem)
          day={1}
          hourblock={32}
          key="1"
          plannedPomo={Immutable.Map {}}
          updatePlannedPomo={[Function]}
          updateRecurTask={[Function]}
        />
        <Connect(PlanningItem)
          day={2}
          hourblock={32}
          key="2"
          plannedPomo={Immutable.Map {}}
          updatePlannedPomo={[Function]}
          updateRecurTask={[Function]}
        />
        <Connect(PlanningItem)
          day={3}
          hourblock={32}
          key="3"
          plannedPomo={Immutable.Map {}}
          updatePlannedPomo={[Function]}
          updateRecurTask={[Function]}
        />
        <Connect(PlanningItem)
          day={4}
          hourblock={32}
          key="4"
          plannedPomo={Immutable.Map {}}
          updatePlannedPomo={[Function]}
          updateRecurTask={[Function]}
        />
        <Connect(PlanningItem)
          day={5}
          hourblock={32}
          key="5"
          plannedPomo={Immutable.Map {}}
          updatePlannedPomo={[Function]}
          updateRecurTask={[Function]}
        />
        <Connect(PlanningItem)
          day={6}
          hourblock={32}
          key="6"
          plannedPomo={Immutable.Map {}}
          updatePlannedPomo={[Function]}
          updateRecurTask={[Function]}
        />
      </span>
      <span
        className="flex-container-row typical-setup border-bottom false false"
        key="33"
      >
        <span
          className="width-50"
        >
          16:30
        </span>
        <Connect(PlanningItem)
          day={0}
          hourblock={33}
          key="0"
          plannedPomo={Immutable.Map {}}
          updatePlannedPomo={[Function]}
          updateRecurTask={[Function]}
        />
        <Connect(PlanningItem)
          day={1}
          hourblock={33}
          key="1"
          plannedPomo={Immutable.Map {}}
          updatePlannedPomo={[Function]}
          updateRecurTask={[Function]}
        />
        <Connect(PlanningItem)
          day={2}
          hourblock={33}
          key="2"
          plannedPomo={Immutable.Map {}}
          updatePlannedPomo={[Function]}
          updateRecurTask={[Function]}
        />
        <Connect(PlanningItem)
          day={3}
          hourblock={33}
          key="3"
          plannedPomo={Immutable.Map {}}
          updatePlannedPomo={[Function]}
          updateRecurTask={[Function]}
        />
        <Connect(PlanningItem)
          day={4}
          hourblock={33}
          key="4"
          plannedPomo={Immutable.Map {}}
          updatePlannedPomo={[Function]}
          updateRecurTask={[Function]}
        />
        <Connect(PlanningItem)
          day={5}
          hourblock={33}
          key="5"
          plannedPomo={Immutable.Map {}}
          updatePlannedPomo={[Function]}
          updateRecurTask={[Function]}
        />
        <Connect(PlanningItem)
          day={6}
          hourblock={33}
          key="6"
          plannedPomo={Immutable.Map {}}
          updatePlannedPomo={[Function]}
          updateRecurTask={[Function]}
        />
      </span>
      <span
        className="flex-container-row typical-setup border-bottom border-top false"
        key="34"
      >
        <span
          className="width-50"
        >
          17:00
        </span>
        <Connect(PlanningItem)
          day={0}
          hourblock={34}
          key="0"
          plannedPomo={Immutable.Map {}}
          updatePlannedPomo={[Function]}
          updateRecurTask={[Function]}
        />
        <Connect(PlanningItem)
          day={1}
          hourblock={34}
          key="1"
          plannedPomo={Immutable.Map {}}
          updatePlannedPomo={[Function]}
          updateRecurTask={[Function]}
        />
        <Connect(PlanningItem)
          day={2}
          hourblock={34}
          key="2"
          plannedPomo={Immutable.Map {}}
          updatePlannedPomo={[Function]}
          updateRecurTask={[Function]}
        />
        <Connect(PlanningItem)
          day={3}
          hourblock={34}
          key="3"
          plannedPomo={Immutable.Map {}}
          updatePlannedPomo={[Function]}
          updateRecurTask={[Function]}
        />
        <Connect(PlanningItem)
          day={4}
          hourblock={34}
          key="4"
          plannedPomo={Immutable.Map {}}
          updatePlannedPomo={[Function]}
          updateRecurTask={[Function]}
        />
        <Connect(PlanningItem)
          day={5}
          hourblock={34}
          key="5"
          plannedPomo={Immutable.Map {}}
          updatePlannedPomo={[Function]}
          updateRecurTask={[Function]}
        />
        <Connect(PlanningItem)
          day={6}
          hourblock={34}
          key="6"
          plannedPomo={Immutable.Map {}}
          updatePlannedPomo={[Function]}
          updateRecurTask={[Function]}
        />
      </span>
      <span
        className="flex-container-row typical-setup border-bottom false false"
        key="35"
      >
        <span
          className="width-50"
        >
          17:30
        </span>
        <Connect(PlanningItem)
          day={0}
          hourblock={35}
          key="0"
          plannedPomo={Immutable.Map {}}
          updatePlannedPomo={[Function]}
          updateRecurTask={[Function]}
        />
        <Connect(PlanningItem)
          day={1}
          hourblock={35}
          key="1"
          plannedPomo={Immutable.Map {}}
          updatePlannedPomo={[Function]}
          updateRecurTask={[Function]}
        />
        <Connect(PlanningItem)
          day={2}
          hourblock={35}
          key="2"
          plannedPomo={Immutable.Map {}}
          updatePlannedPomo={[Function]}
          updateRecurTask={[Function]}
        />
        <Connect(PlanningItem)
          day={3}
          hourblock={35}
          key="3"
          plannedPomo={Immutable.Map {}}
          updatePlannedPomo={[Function]}
          updateRecurTask={[Function]}
        />
        <Connect(PlanningItem)
          day={4}
          hourblock={35}
          key="4"
          plannedPomo={Immutable.Map {}}
          updatePlannedPomo={[Function]}
          updateRecurTask={[Function]}
        />
        <Connect(PlanningItem)
          day={5}
          hourblock={35}
          key="5"
          plannedPomo={Immutable.Map {}}
          updatePlannedPomo={[Function]}
          updateRecurTask={[Function]}
        />
        <Connect(PlanningItem)
          day={6}
          hourblock={35}
          key="6"
          plannedPomo={Immutable.Map {}}
          updatePlannedPomo={[Function]}
          updateRecurTask={[Function]}
        />
      </span>
      <span
        className="flex-container-row typical-setup border-bottom border-top border-top-white"
        key="36"
      >
        <span
          className="width-50"
        >
          18:00
        </span>
        <Connect(PlanningItem)
          day={0}
          hourblock={36}
          key="0"
          plannedPomo={Immutable.Map {}}
          updatePlannedPomo={[Function]}
          updateRecurTask={[Function]}
        />
        <Connect(PlanningItem)
          day={1}
          hourblock={36}
          key="1"
          plannedPomo={Immutable.Map {}}
          updatePlannedPomo={[Function]}
          updateRecurTask={[Function]}
        />
        <Connect(PlanningItem)
          day={2}
          hourblock={36}
          key="2"
          plannedPomo={Immutable.Map {}}
          updatePlannedPomo={[Function]}
          updateRecurTask={[Function]}
        />
        <Connect(PlanningItem)
          day={3}
          hourblock={36}
          key="3"
          plannedPomo={Immutable.Map {}}
          updatePlannedPomo={[Function]}
          updateRecurTask={[Function]}
        />
        <Connect(PlanningItem)
          day={4}
          hourblock={36}
          key="4"
          plannedPomo={Immutable.Map {}}
          updatePlannedPomo={[Function]}
          updateRecurTask={[Function]}
        />
        <Connect(PlanningItem)
          day={5}
          hourblock={36}
          key="5"
          plannedPomo={Immutable.Map {}}
          updatePlannedPomo={[Function]}
          updateRecurTask={[Function]}
        />
        <Connect(PlanningItem)
          day={6}
          hourblock={36}
          key="6"
          plannedPomo={Immutable.Map {}}
          updatePlannedPomo={[Function]}
          updateRecurTask={[Function]}
        />
      </span>
      <span
        className="flex-container-row typical-setup border-bottom false false"
        key="37"
      >
        <span
          className="width-50"
        >
          18:30
        </span>
        <Connect(PlanningItem)
          day={0}
          hourblock={37}
          key="0"
          plannedPomo={Immutable.Map {}}
          updatePlannedPomo={[Function]}
          updateRecurTask={[Function]}
        />
        <Connect(PlanningItem)
          day={1}
          hourblock={37}
          key="1"
          plannedPomo={Immutable.Map {}}
          updatePlannedPomo={[Function]}
          updateRecurTask={[Function]}
        />
        <Connect(PlanningItem)
          day={2}
          hourblock={37}
          key="2"
          plannedPomo={Immutable.Map {}}
          updatePlannedPomo={[Function]}
          updateRecurTask={[Function]}
        />
        <Connect(PlanningItem)
          day={3}
          hourblock={37}
          key="3"
          plannedPomo={Immutable.Map {}}
          updatePlannedPomo={[Function]}
          updateRecurTask={[Function]}
        />
        <Connect(PlanningItem)
          day={4}
          hourblock={37}
          key="4"
          plannedPomo={Immutable.Map {}}
          updatePlannedPomo={[Function]}
          updateRecurTask={[Function]}
        />
        <Connect(PlanningItem)
          day={5}
          hourblock={37}
          key="5"
          plannedPomo={Immutable.Map {}}
          updatePlannedPomo={[Function]}
          updateRecurTask={[Function]}
        />
        <Connect(PlanningItem)
          day={6}
          hourblock={37}
          key="6"
          plannedPomo={Immutable.Map {}}
          updatePlannedPomo={[Function]}
          updateRecurTask={[Function]}
        />
      </span>
      <span
        className="flex-container-row typical-setup border-bottom border-top false"
        key="38"
      >
        <span
          className="width-50"
        >
          19:00
        </span>
        <Connect(PlanningItem)
          day={0}
          hourblock={38}
          key="0"
          plannedPomo={Immutable.Map {}}
          updatePlannedPomo={[Function]}
          updateRecurTask={[Function]}
        />
        <Connect(PlanningItem)
          day={1}
          hourblock={38}
          key="1"
          plannedPomo={Immutable.Map {}}
          updatePlannedPomo={[Function]}
          updateRecurTask={[Function]}
        />
        <Connect(PlanningItem)
          day={2}
          hourblock={38}
          key="2"
          plannedPomo={Immutable.Map {}}
          updatePlannedPomo={[Function]}
          updateRecurTask={[Function]}
        />
        <Connect(PlanningItem)
          day={3}
          hourblock={38}
          key="3"
          plannedPomo={Immutable.Map {}}
          updatePlannedPomo={[Function]}
          updateRecurTask={[Function]}
        />
        <Connect(PlanningItem)
          day={4}
          hourblock={38}
          key="4"
          plannedPomo={Immutable.Map {}}
          updatePlannedPomo={[Function]}
          updateRecurTask={[Function]}
        />
        <Connect(PlanningItem)
          day={5}
          hourblock={38}
          key="5"
          plannedPomo={Immutable.Map {}}
          updatePlannedPomo={[Function]}
          updateRecurTask={[Function]}
        />
        <Connect(PlanningItem)
          day={6}
          hourblock={38}
          key="6"
          plannedPomo={Immutable.Map {}}
          updatePlannedPomo={[Function]}
          updateRecurTask={[Function]}
        />
      </span>
      <span
        className="flex-container-row typical-setup border-bottom false false"
        key="39"
      >
        <span
          className="width-50"
        >
          19:30
        </span>
        <Connect(PlanningItem)
          day={0}
          hourblock={39}
          key="0"
          plannedPomo={Immutable.Map {}}
          updatePlannedPomo={[Function]}
          updateRecurTask={[Function]}
        />
        <Connect(PlanningItem)
          day={1}
          hourblock={39}
          key="1"
          plannedPomo={Immutable.Map {}}
          updatePlannedPomo={[Function]}
          updateRecurTask={[Function]}
        />
        <Connect(PlanningItem)
          day={2}
          hourblock={39}
          key="2"
          plannedPomo={Immutable.Map {}}
          updatePlannedPomo={[Function]}
          updateRecurTask={[Function]}
        />
        <Connect(PlanningItem)
          day={3}
          hourblock={39}
          key="3"
          plannedPomo={Immutable.Map {}}
          updatePlannedPomo={[Function]}
          updateRecurTask={[Function]}
        />
        <Connect(PlanningItem)
          day={4}
          hourblock={39}
          key="4"
          plannedPomo={Immutable.Map {}}
          updatePlannedPomo={[Function]}
          updateRecurTask={[Function]}
        />
        <Connect(PlanningItem)
          day={5}
          hourblock={39}
          key="5"
          plannedPomo={Immutable.Map {}}
          updatePlannedPomo={[Function]}
          updateRecurTask={[Function]}
        />
        <Connect(PlanningItem)
          day={6}
          hourblock={39}
          key="6"
          plannedPomo={Immutable.Map {}}
          updatePlannedPomo={[Function]}
          updateRecurTask={[Function]}
        />
      </span>
      <span
        className="flex-container-row typical-setup border-bottom border-top border-top-white"
        key="40"
      >
        <span
          className="width-50"
        >
          20:00
        </span>
        <Connect(PlanningItem)
          day={0}
          hourblock={40}
          key="0"
          plannedPomo={Immutable.Map {}}
          updatePlannedPomo={[Function]}
          updateRecurTask={[Function]}
        />
        <Connect(PlanningItem)
          day={1}
          hourblock={40}
          key="1"
          plannedPomo={Immutable.Map {}}
          updatePlannedPomo={[Function]}
          updateRecurTask={[Function]}
        />
        <Connect(PlanningItem)
          day={2}
          hourblock={40}
          key="2"
          plannedPomo={Immutable.Map {}}
          updatePlannedPomo={[Function]}
          updateRecurTask={[Function]}
        />
        <Connect(PlanningItem)
          day={3}
          hourblock={40}
          key="3"
          plannedPomo={Immutable.Map {}}
          updatePlannedPomo={[Function]}
          updateRecurTask={[Function]}
        />
        <Connect(PlanningItem)
          day={4}
          hourblock={40}
          key="4"
          plannedPomo={Immutable.Map {}}
          updatePlannedPomo={[Function]}
          updateRecurTask={[Function]}
        />
        <Connect(PlanningItem)
          day={5}
          hourblock={40}
          key="5"
          plannedPomo={Immutable.Map {}}
          updatePlannedPomo={[Function]}
          updateRecurTask={[Function]}
        />
        <Connect(PlanningItem)
          day={6}
          hourblock={40}
          key="6"
          plannedPomo={Immutable.Map {}}
          updatePlannedPomo={[Function]}
          updateRecurTask={[Function]}
        />
      </span>
      <span
        className="flex-container-row typical-setup border-bottom false false"
        key="41"
      >
        <span
          className="width-50"
        >
          20:30
        </span>
        <Connect(PlanningItem)
          day={0}
          hourblock={41}
          key="0"
          plannedPomo={Immutable.Map {}}
          updatePlannedPomo={[Function]}
          updateRecurTask={[Function]}
        />
        <Connect(PlanningItem)
          day={1}
          hourblock={41}
          key="1"
          plannedPomo={Immutable.Map {}}
          updatePlannedPomo={[Function]}
          updateRecurTask={[Function]}
        />
        <Connect(PlanningItem)
          day={2}
          hourblock={41}
          key="2"
          plannedPomo={Immutable.Map {}}
          updatePlannedPomo={[Function]}
          updateRecurTask={[Function]}
        />
        <Connect(PlanningItem)
          day={3}
          hourblock={41}
          key="3"
          plannedPomo={Immutable.Map {}}
          updatePlannedPomo={[Function]}
          updateRecurTask={[Function]}
        />
        <Connect(PlanningItem)
          day={4}
          hourblock={41}
          key="4"
          plannedPomo={Immutable.Map {}}
          updatePlannedPomo={[Function]}
          updateRecurTask={[Function]}
        />
        <Connect(PlanningItem)
          day={5}
          hourblock={41}
          key="5"
          plannedPomo={Immutable.Map {}}
          updatePlannedPomo={[Function]}
          updateRecurTask={[Function]}
        />
        <Connect(PlanningItem)
          day={6}
          hourblock={41}
          key="6"
          plannedPomo={Immutable.Map {}}
          updatePlannedPomo={[Function]}
          updateRecurTask={[Function]}
        />
      </span>
      <span
        className="flex-container-row typical-setup border-bottom border-top false"
        key="42"
      >
        <span
          className="width-50"
        >
          21:00
        </span>
        <Connect(PlanningItem)
          day={0}
          hourblock={42}
          key="0"
          plannedPomo={Immutable.Map {}}
          updatePlannedPomo={[Function]}
          updateRecurTask={[Function]}
        />
        <Connect(PlanningItem)
          day={1}
          hourblock={42}
          key="1"
          plannedPomo={Immutable.Map {}}
          updatePlannedPomo={[Function]}
          updateRecurTask={[Function]}
        />
        <Connect(PlanningItem)
          day={2}
          hourblock={42}
          key="2"
          plannedPomo={Immutable.Map {}}
          updatePlannedPomo={[Function]}
          updateRecurTask={[Function]}
        />
        <Connect(PlanningItem)
          day={3}
          hourblock={42}
          key="3"
          plannedPomo={Immutable.Map {}}
          updatePlannedPomo={[Function]}
          updateRecurTask={[Function]}
        />
        <Connect(PlanningItem)
          day={4}
          hourblock={42}
          key="4"
          plannedPomo={Immutable.Map {}}
          updatePlannedPomo={[Function]}
          updateRecurTask={[Function]}
        />
        <Connect(PlanningItem)
          day={5}
          hourblock={42}
          key="5"
          plannedPomo={Immutable.Map {}}
          updatePlannedPomo={[Function]}
          updateRecurTask={[Function]}
        />
        <Connect(PlanningItem)
          day={6}
          hourblock={42}
          key="6"
          plannedPomo={Immutable.Map {}}
          updatePlannedPomo={[Function]}
          updateRecurTask={[Function]}
        />
      </span>
      <span
        className="flex-container-row typical-setup border-bottom false false"
        key="43"
      >
        <span
          className="width-50"
        >
          21:30
        </span>
        <Connect(PlanningItem)
          day={0}
          hourblock={43}
          key="0"
          plannedPomo={Immutable.Map {}}
          updatePlannedPomo={[Function]}
          updateRecurTask={[Function]}
        />
        <Connect(PlanningItem)
          day={1}
          hourblock={43}
          key="1"
          plannedPomo={Immutable.Map {}}
          updatePlannedPomo={[Function]}
          updateRecurTask={[Function]}
        />
        <Connect(PlanningItem)
          day={2}
          hourblock={43}
          key="2"
          plannedPomo={Immutable.Map {}}
          updatePlannedPomo={[Function]}
          updateRecurTask={[Function]}
        />
        <Connect(PlanningItem)
          day={3}
          hourblock={43}
          key="3"
          plannedPomo={Immutable.Map {}}
          updatePlannedPomo={[Function]}
          updateRecurTask={[Function]}
        />
        <Connect(PlanningItem)
          day={4}
          hourblock={43}
          key="4"
          plannedPomo={Immutable.Map {}}
          updatePlannedPomo={[Function]}
          updateRecurTask={[Function]}
        />
        <Connect(PlanningItem)
          day={5}
          hourblock={43}
          key="5"
          plannedPomo={Immutable.Map {}}
          updatePlannedPomo={[Function]}
          updateRecurTask={[Function]}
        />
        <Connect(PlanningItem)
          day={6}
          hourblock={43}
          key="6"
          plannedPomo={Immutable.Map {}}
          updatePlannedPomo={[Function]}
          updateRecurTask={[Function]}
        />
      </span>
      <span
        className="flex-container-row typical-setup border-bottom border-top border-top-white"
        key="44"
      >
        <span
          className="width-50"
        >
          22:00
        </span>
        <Connect(PlanningItem)
          day={0}
          hourblock={44}
          key="0"
          plannedPomo={Immutable.Map {}}
          updatePlannedPomo={[Function]}
          updateRecurTask={[Function]}
        />
        <Connect(PlanningItem)
          day={1}
          hourblock={44}
          key="1"
          plannedPomo={Immutable.Map {}}
          updatePlannedPomo={[Function]}
          updateRecurTask={[Function]}
        />
        <Connect(PlanningItem)
          day={2}
          hourblock={44}
          key="2"
          plannedPomo={Immutable.Map {}}
          updatePlannedPomo={[Function]}
          updateRecurTask={[Function]}
        />
        <Connect(PlanningItem)
          day={3}
          hourblock={44}
          key="3"
          plannedPomo={Immutable.Map {}}
          updatePlannedPomo={[Function]}
          updateRecurTask={[Function]}
        />
        <Connect(PlanningItem)
          day={4}
          hourblock={44}
          key="4"
          plannedPomo={Immutable.Map {}}
          updatePlannedPomo={[Function]}
          updateRecurTask={[Function]}
        />
        <Connect(PlanningItem)
          day={5}
          hourblock={44}
          key="5"
          plannedPomo={Immutable.Map {}}
          updatePlannedPomo={[Function]}
          updateRecurTask={[Function]}
        />
        <Connect(PlanningItem)
          day={6}
          hourblock={44}
          key="6"
          plannedPomo={Immutable.Map {}}
          updatePlannedPomo={[Function]}
          updateRecurTask={[Function]}
        />
      </span>
      <span
        className="flex-container-row typical-setup border-bottom false false"
        key="45"
      >
        <span
          className="width-50"
        >
          22:30
        </span>
        <Connect(PlanningItem)
          day={0}
          hourblock={45}
          key="0"
          plannedPomo={Immutable.Map {}}
          updatePlannedPomo={[Function]}
          updateRecurTask={[Function]}
        />
        <Connect(PlanningItem)
          day={1}
          hourblock={45}
          key="1"
          plannedPomo={Immutable.Map {}}
          updatePlannedPomo={[Function]}
          updateRecurTask={[Function]}
        />
        <Connect(PlanningItem)
          day={2}
          hourblock={45}
          key="2"
          plannedPomo={Immutable.Map {}}
          updatePlannedPomo={[Function]}
          updateRecurTask={[Function]}
        />
        <Connect(PlanningItem)
          day={3}
          hourblock={45}
          key="3"
          plannedPomo={Immutable.Map {}}
          updatePlannedPomo={[Function]}
          updateRecurTask={[Function]}
        />
        <Connect(PlanningItem)
          day={4}
          hourblock={45}
          key="4"
          plannedPomo={Immutable.Map {}}
          updatePlannedPomo={[Function]}
          updateRecurTask={[Function]}
        />
        <Connect(PlanningItem)
          day={5}
          hourblock={45}
          key="5"
          plannedPomo={Immutable.Map {}}
          updatePlannedPomo={[Function]}
          updateRecurTask={[Function]}
        />
        <Connect(PlanningItem)
          day={6}
          hourblock={45}
          key="6"
          plannedPomo={Immutable.Map {}}
          updatePlannedPomo={[Function]}
          updateRecurTask={[Function]}
        />
      </span>
      <span
        className="flex-container-row typical-setup border-bottom border-top false"
        key="46"
      >
        <span
          className="width-50"
        >
          23:00
        </span>
        <Connect(PlanningItem)
          day={0}
          hourblock={46}
          key="0"
          plannedPomo={Immutable.Map {}}
          updatePlannedPomo={[Function]}
          updateRecurTask={[Function]}
        />
        <Connect(PlanningItem)
          day={1}
          hourblock={46}
          key="1"
          plannedPomo={Immutable.Map {}}
          updatePlannedPomo={[Function]}
          updateRecurTask={[Function]}
        />
        <Connect(PlanningItem)
          day={2}
          hourblock={46}
          key="2"
          plannedPomo={Immutable.Map {}}
          updatePlannedPomo={[Function]}
          updateRecurTask={[Function]}
        />
        <Connect(PlanningItem)
          day={3}
          hourblock={46}
          key="3"
          plannedPomo={Immutable.Map {}}
          updatePlannedPomo={[Function]}
          updateRecurTask={[Function]}
        />
        <Connect(PlanningItem)
          day={4}
          hourblock={46}
          key="4"
          plannedPomo={Immutable.Map {}}
          updatePlannedPomo={[Function]}
          updateRecurTask={[Function]}
        />
        <Connect(PlanningItem)
          day={5}
          hourblock={46}
          key="5"
          plannedPomo={Immutable.Map {}}
          updatePlannedPomo={[Function]}
          updateRecurTask={[Function]}
        />
        <Connect(PlanningItem)
          day={6}
          hourblock={46}
          key="6"
          plannedPomo={Immutable.Map {}}
          updatePlannedPomo={[Function]}
          updateRecurTask={[Function]}
        />
      </span>
      <span
        className="flex-container-row typical-setup border-bottom false false"
        key="47"
      >
        <span
          className="width-50"
        >
          23:30
        </span>
        <Connect(PlanningItem)
          day={0}
          hourblock={47}
          key="0"
          plannedPomo={Immutable.Map {}}
          updatePlannedPomo={[Function]}
          updateRecurTask={[Function]}
        />
        <Connect(PlanningItem)
          day={1}
          hourblock={47}
          key="1"
          plannedPomo={Immutable.Map {}}
          updatePlannedPomo={[Function]}
          updateRecurTask={[Function]}
        />
        <Connect(PlanningItem)
          day={2}
          hourblock={47}
          key="2"
          plannedPomo={Immutable.Map {}}
          updatePlannedPomo={[Function]}
          updateRecurTask={[Function]}
        />
        <Connect(PlanningItem)
          day={3}
          hourblock={47}
          key="3"
          plannedPomo={Immutable.Map {}}
          updatePlannedPomo={[Function]}
          updateRecurTask={[Function]}
        />
        <Connect(PlanningItem)
          day={4}
          hourblock={47}
          key="4"
          plannedPomo={Immutable.Map {}}
          updatePlannedPomo={[Function]}
          updateRecurTask={[Function]}
        />
        <Connect(PlanningItem)
          day={5}
          hourblock={47}
          key="5"
          plannedPomo={Immutable.Map {}}
          updatePlannedPomo={[Function]}
          updateRecurTask={[Function]}
        />
        <Connect(PlanningItem)
          day={6}
          hourblock={47}
          key="6"
          plannedPomo={Immutable.Map {}}
          updatePlannedPomo={[Function]}
          updateRecurTask={[Function]}
        />
      </span>
    </div>
  </section>
</div>
`;
