// Jest Snapshot v1, https://goo.gl/fbAQLP

exports[`TasksPage Unit Tests when normally set up renders correctly 1`] = `
<div
  className="flex-container-row page"
  data-role="task-page"
>
  <section
    className="flex-1"
  >
    <div
      className="section-header"
    >
      2018 Tasks
    </div>
    <div
      className="section-content"
    >
      <div
        className="list-with-pinned-bottom"
      />
      <div
        className="flex-container-row pinned-bottom border-top"
      >
        <Connect(InputNew)
          actions={Object {}}
          inputName="content"
          newRecord={
            Object {
              "targetCompletion": "2017-12-31T15:00:00.000Z",
              "type": "yearly",
            }
          }
        />
      </div>
    </div>
  </section>
  <Connect(MonthlyTasksList) />
  <Connect(DailyTasksList) />
</div>
`;
