// Jest Snapshot v1, https://goo.gl/fbAQLP

exports[`ModalSearch Unit Tests when normally set up renders correctly 1`] = `
<div
  data-role="modal-search"
  id="modal"
>
  <div
    id="canvas"
  />
  <div
    id="search-box"
  >
    <input
      className="color-black"
      id="search-content"
      onChange={[Function]}
      onKeyDown={[Function]}
      type="text"
      value=""
    />
    <div
      id="search-results"
    >
      <div>
        Loading Notes ...
      </div>
    </div>
  </div>
</div>
`;
